yejq@ubuntu:~/mksh$ bash ./Build.sh
For the build logs, demonstrate that /dev/null and /dev/tty exist:
crw-rw-rw- 1 root root 1, 3 Mar 22 03:51 /dev/null
crw-rw-rw- 1 root tty  5, 0 Mar 22 03:57 /dev/tty
Hi from $MirOS: src/bin/mksh/Build.sh,v 1.749 2020/02/03 22:25:12 tg Exp $ on:
$ uname -a >&2
| Linux ubuntu 5.3.0-42-generic #34-Ubuntu SMP Fri Feb 28 05:49:40 UTC 2020 x86_64 x86_64 x86_64 GNU/Linux
Build.sh: Building the MirBSD Korn Shell R57 2020/03/13 on Linux ...
Build.sh: Scanning for functions... please ignore any errors.
... which compiler type seems to be used
$ cc -E  -I.  -DMKSH_BUILDSH -D_GNU_SOURCE -DSETUID_CAN_FAIL_WITH_EAGAIN  conftest.c |     sed -n '/^ *[ce]t *= */s/^ *\([ce]t\) *= */\1=/p' | tr -d \\015 >x
[ ct="gcc"
[ et="unknown"
$ cc  -I.  -DMKSH_BUILDSH -D_GNU_SOURCE -DSETUID_CAN_FAIL_WITH_EAGAIN   -v conftest.c 
| Using built-in specs.
| COLLECT_GCC=cc
| COLLECT_LTO_WRAPPER=/usr/lib/gcc/x86_64-linux-gnu/9/lto-wrapper
| OFFLOAD_TARGET_NAMES=nvptx-none:hsa
| OFFLOAD_TARGET_DEFAULT=1
| Target: x86_64-linux-gnu
| Configured with: ../src/configure -v --with-pkgversion='Ubuntu 9.2.1-9ubuntu2' --with-bugurl=file:///usr/share/doc/gcc-9/README.Bugs --enable-languages=c,ada,c
++,go,brig,d,fortran,objc,obj-c++,gm2 --prefix=/usr --with-gcc-major-version-only --program-suffix=-9 --program-prefix=x86_64-linux-gnu- --enable-shared --enable
-linker-build-id --libexecdir=/usr/lib --without-included-gettext --enable-threads=posix --libdir=/usr/lib --enable-nls --enable-bootstrap --enable-clocale=gnu -
-enable-libstdcxx-debug --enable-libstdcxx-time=yes --with-default-libstdcxx-abi=new --enable-gnu-unique-object --disable-vtable-verify --enable-plugin --enable-
default-pie --with-system-zlib --with-target-system-zlib=auto --enable-multiarch --disable-werror --with-arch-32=i686 --with-abi=m64 --with-multilib-list=m32,m64
,mx32 --enable-multilib --with-tune=generic --enable-offload-targets=nvptx-none,hsa --without-cuda-driver --enable-checking=release --build=x86_64-linux-gnu --ho
st=x86_64-linux-gnu --target=x86_64-linux-gnu
| Thread model: posix
| gcc version 9.2.1 20191008 (Ubuntu 9.2.1-9ubuntu2) 
| COLLECT_GCC_OPTIONS='-I' '.' '-D' 'MKSH_BUILDSH' '-D' '_GNU_SOURCE' '-D' 'SETUID_CAN_FAIL_WITH_EAGAIN' '-v' '-mtune=generic' '-march=x86-64'
|  /usr/lib/gcc/x86_64-linux-gnu/9/cc1 -quiet -v -I . -imultiarch x86_64-linux-gnu -D MKSH_BUILDSH -D _GNU_SOURCE -D SETUID_CAN_FAIL_WITH_EAGAIN conftest.c -quie
t -dumpbase conftest.c -mtune=generic -march=x86-64 -auxbase conftest -version -fasynchronous-unwind-tables -fstack-protector-strong -Wformat -Wformat-security -
fstack-clash-protection -fcf-protection -o /tmp/ccipyFQ7.s
| GNU C17 (Ubuntu 9.2.1-9ubuntu2) version 9.2.1 20191008 (x86_64-linux-gnu)
|       compiled by GNU C version 9.2.1 20191008, GMP version 6.1.2, MPFR version 4.0.2, MPC version 1.1.0, isl version isl-0.21-GMP
| 
| GGC heuristics: --param ggc-min-expand=100 --param ggc-min-heapsize=131072
| ignoring nonexistent directory "/usr/local/include/x86_64-linux-gnu"
| ignoring nonexistent directory "/usr/lib/gcc/x86_64-linux-gnu/9/../../../../x86_64-linux-gnu/include"
| #include "..." search starts here:
| #include <...> search starts here:
|  .
|  /usr/lib/gcc/x86_64-linux-gnu/9/include
|  /usr/local/include
|  /usr/lib/gcc/x86_64-linux-gnu/9/include-fixed
|  /usr/include/x86_64-linux-gnu
|  /usr/include
| End of search list.
| GNU C17 (Ubuntu 9.2.1-9ubuntu2) version 9.2.1 20191008 (x86_64-linux-gnu)
|       compiled by GNU C version 9.2.1 20191008, GMP version 6.1.2, MPFR version 4.0.2, MPC version 1.1.0, isl version isl-0.21-GMP
| 
| GGC heuristics: --param ggc-min-expand=100 --param ggc-min-heapsize=131072
| Compiler executable checksum: dd54e5384b34908287640134d9f8a49c
| COLLECT_GCC_OPTIONS='-I' '.' '-D' 'MKSH_BUILDSH' '-D' '_GNU_SOURCE' '-D' 'SETUID_CAN_FAIL_WITH_EAGAIN' '-v' '-mtune=generic' '-march=x86-64'
|  as -v -I . --64 -o /tmp/ccPbINh9.o /tmp/ccipyFQ7.s
| GNU assembler version 2.33 (x86_64-linux-gnu) using BFD version (GNU Binutils for Ubuntu) 2.33
| COMPILER_PATH=/usr/lib/gcc/x86_64-linux-gnu/9/:/usr/lib/gcc/x86_64-linux-gnu/9/:/usr/lib/gcc/x86_64-linux-gnu/:/usr/lib/gcc/x86_64-linux-gnu/9/:/usr/lib/gcc/x8
6_64-linux-gnu/
| LIBRARY_PATH=/usr/lib/gcc/x86_64-linux-gnu/9/:/usr/lib/gcc/x86_64-linux-gnu/9/../../../x86_64-linux-gnu/:/usr/lib/gcc/x86_64-linux-gnu/9/../../../../lib/:/lib/
x86_64-linux-gnu/:/lib/../lib/:/usr/lib/x86_64-linux-gnu/:/usr/lib/../lib/:/usr/lib/gcc/x86_64-linux-gnu/9/../../../:/lib/:/usr/lib/
| COLLECT_GCC_OPTIONS='-I' '.' '-D' 'MKSH_BUILDSH' '-D' '_GNU_SOURCE' '-D' 'SETUID_CAN_FAIL_WITH_EAGAIN' '-v' '-mtune=generic' '-march=x86-64'
|  /usr/lib/gcc/x86_64-linux-gnu/9/collect2 -plugin /usr/lib/gcc/x86_64-linux-gnu/9/liblto_plugin.so -plugin-opt=/usr/lib/gcc/x86_64-linux-gnu/9/lto-wrapper -plu
gin-opt=-fresolution=/tmp/cckndVl5.res -plugin-opt=-pass-through=-lgcc -plugin-opt=-pass-through=-lgcc_s -plugin-opt=-pass-through=-lc -plugin-opt=-pass-through=
-lgcc -plugin-opt=-pass-through=-lgcc_s --build-id --eh-frame-hdr -m elf_x86_64 --hash-style=gnu --as-needed -dynamic-linker /lib64/ld-linux-x86-64.so.2 -pie -z 
now -z relro /usr/lib/gcc/x86_64-linux-gnu/9/../../../x86_64-linux-gnu/Scrt1.o /usr/lib/gcc/x86_64-linux-gnu/9/../../../x86_64-linux-gnu/crti.o /usr/lib/gcc/x86_
64-linux-gnu/9/crtbeginS.o -L/usr/lib/gcc/x86_64-linux-gnu/9 -L/usr/lib/gcc/x86_64-linux-gnu/9/../../../x86_64-linux-gnu -L/usr/lib/gcc/x86_64-linux-gnu/9/../../
../../lib -L/lib/x86_64-linux-gnu -L/lib/../lib -L/usr/lib/x86_64-linux-gnu -L/usr/lib/../lib -L/usr/lib/gcc/x86_64-linux-gnu/9/../../.. /tmp/ccPbINh9.o -lgcc --
push-state --as-needed -lgcc_s --pop-state -lc -lgcc --push-state --as-needed -lgcc_s --pop-state /usr/lib/gcc/x86_64-linux-gnu/9/crtendS.o /usr/lib/gcc/x86_64-l
inux-gnu/9/../../../x86_64-linux-gnu/crtn.o
| COLLECT_GCC_OPTIONS='-I' '.' '-D' 'MKSH_BUILDSH' '-D' '_GNU_SOURCE' '-D' 'SETUID_CAN_FAIL_WITH_EAGAIN' '-v' '-mtune=generic' '-march=x86-64'
$ eval echo "\`$CC $CFLAGS $CPPFLAGS $LDFLAGS $NOWARN $LIBS -dumpmachine\`" \
                 "gcc\`$CC $CFLAGS $CPPFLAGS $LDFLAGS $NOWARN $LIBS -dumpversion\`"
| x86_64-linux-gnu gcc9
==> which compiler type seems to be used... gcc
... if the compiler works
$ cc   -I.  -DMKSH_BUILDSH -D_GNU_SOURCE -DSETUID_CAN_FAIL_WITH_EAGAIN   conftest.c  || for _f in ${tcfn}*; do case $_f in *.1|*.ico) ;; *) rm -f "$_f" ;; esac; 
done
==> if the compiler works... yes
... if the compiler does not fail correctly
$ cc  -I.  -DMKSH_BUILDSH -D_GNU_SOURCE -DSETUID_CAN_FAIL_WITH_EAGAIN   conftest.c  || for _f in ${tcfn}*; do case $_f in *.1|*.ico) ;; *) rm -f "$_f" ;; esac; d
one
] /usr/bin/ld: /tmp/ccTOCYX6.o: in function `main':
] conftest.c:(.text+0x1a): undefined reference to `thiswillneverbedefinedIhope'
] collect2: error: ld returned 1 exit status
==> if the compiler does not fail correctly... no
==> if this could be tcc... no (implied)
... if -Wno-error can be used
$ cc  -Wno-error -I.  -DMKSH_BUILDSH -D_GNU_SOURCE -DSETUID_CAN_FAIL_WITH_EAGAIN   conftest.c  || for _f in ${tcfn}*; do case $_f in *.1|*.ico) ;; *) rm -f "$_f"
 ;; esac; done
==> if -Wno-error can be used... yes
... if -Werror can be used
$ cc  -Werror -I.  -DMKSH_BUILDSH -D_GNU_SOURCE -DSETUID_CAN_FAIL_WITH_EAGAIN   conftest.c  || for _f in ${tcfn}*; do case $_f in *.1|*.ico) ;; *) rm -f "$_f" ;;
 esac; done
==> if -Werror can be used... yes
... if -O2 can be used
$ cc  -O2 -I.  -DMKSH_BUILDSH -D_GNU_SOURCE -DSETUID_CAN_FAIL_WITH_EAGAIN  -Wno-error conftest.c  || for _f in ${tcfn}*; do case $_f in *.1|*.ico) ;; *) rm -f "$
_f" ;; esac; done
==> if -O2 can be used... yes
... whether we can explicitly disable buggy GCC LTO
$ cc  -O2 -fno-lto -I.  -DMKSH_BUILDSH -D_GNU_SOURCE -DSETUID_CAN_FAIL_WITH_EAGAIN  -fno-lto -Wno-error conftest.c  || for _f in ${tcfn}*; do case $_f in *.1|*.i
co) ;; *) rm -f "$_f" ;; esac; done
==> whether we can explicitly disable buggy GCC LTO... yes
... if -Wno-deprecated-declarations can be used
$ cc  -O2 -fno-lto -Wno-deprecated-declarations -I.  -DMKSH_BUILDSH -D_GNU_SOURCE -DSETUID_CAN_FAIL_WITH_EAGAIN  -fno-lto -Werror conftest.c  || for _f in ${tcfn
}*; do case $_f in *.1|*.ico) ;; *) rm -f "$_f" ;; esac; done
==> if -Wno-deprecated-declarations can be used... yes
... if -fno-asynchronous-unwind-tables can be used
$ cc  -O2 -fno-lto -Wno-deprecated-declarations -fno-asynchronous-unwind-tables -I.  -DMKSH_BUILDSH -D_GNU_SOURCE -DSETUID_CAN_FAIL_WITH_EAGAIN  -fno-lto -Werror
 conftest.c  || for _f in ${tcfn}*; do case $_f in *.1|*.ico) ;; *) rm -f "$_f" ;; esac; done
==> if -fno-asynchronous-unwind-tables can be used... yes
... if -fno-strict-aliasing can be used
$ cc  -O2 -fno-lto -Wno-deprecated-declarations -fno-asynchronous-unwind-tables -fno-strict-aliasing -I.  -DMKSH_BUILDSH -D_GNU_SOURCE -DSETUID_CAN_FAIL_WITH_EAG
AIN  -fno-lto -Werror conftest.c  || for _f in ${tcfn}*; do case $_f in *.1|*.ico) ;; *) rm -f "$_f" ;; esac; done
==> if -fno-strict-aliasing can be used... yes
... if -fstack-protector-strong can be used
$ cc  -O2 -fno-lto -Wno-deprecated-declarations -fno-asynchronous-unwind-tables -fno-strict-aliasing -fstack-protector-strong -I.  -DMKSH_BUILDSH -D_GNU_SOURCE -
DSETUID_CAN_FAIL_WITH_EAGAIN  -fno-lto -Werror conftest.c  || for _f in ${tcfn}*; do case $_f in *.1|*.ico) ;; *) rm -f "$_f" ;; esac; done
==> if -fstack-protector-strong can be used... yes
... if -malign-data=abi can be used
$ cc  -O2 -fno-lto -Wno-deprecated-declarations -fno-asynchronous-unwind-tables -fno-strict-aliasing -fstack-protector-strong -malign-data=abi -I.  -DMKSH_BUILDS
H -D_GNU_SOURCE -DSETUID_CAN_FAIL_WITH_EAGAIN  -fno-lto -Werror conftest.c  || for _f in ${tcfn}*; do case $_f in *.1|*.ico) ;; *) rm -f "$_f" ;; esac; done
==> if -malign-data=abi can be used... yes
... if -Wall can be used
$ cc  -O2 -fno-lto -Wno-deprecated-declarations -fno-asynchronous-unwind-tables -fno-strict-aliasing -fstack-protector-strong -malign-data=abi -Wall -I.  -DMKSH_
BUILDSH -D_GNU_SOURCE -DSETUID_CAN_FAIL_WITH_EAGAIN  -fno-lto -Werror conftest.c  || for _f in ${tcfn}*; do case $_f in *.1|*.ico) ;; *) rm -f "$_f" ;; esac; don
e
==> if -Wall can be used... yes
... if -fwrapv can be used
$ cc  -O2 -fno-lto -Wno-deprecated-declarations -fno-asynchronous-unwind-tables -fno-strict-aliasing -fstack-protector-strong -malign-data=abi -Wall -fwrapv -I. 
 -DMKSH_BUILDSH -D_GNU_SOURCE -DSETUID_CAN_FAIL_WITH_EAGAIN  -fno-lto -Werror conftest.c  || for _f in ${tcfn}*; do case $_f in *.1|*.ico) ;; *) rm -f "$_f" ;; e
sac; done
==> if -fwrapv can be used... yes
==> if to rely on compiler for string pooling... yes (on demand)
... for __attribute__((__bounded__))
$ cc  -O2 -fno-lto -Wno-deprecated-declarations -fno-asynchronous-unwind-tables -fno-strict-aliasing -fstack-protector-strong -malign-data=abi -Wall -fwrapv -I. 
 -DMKSH_BUILDSH -D_GNU_SOURCE -DSETUID_CAN_FAIL_WITH_EAGAIN -DHAVE_STRING_POOLING=2  -fno-lto -Werror conftest.c  || for _f in ${tcfn}*; do case $_f in *.1|*.ico
) ;; *) rm -f "$_f" ;; esac; done
] conftest.c:10:5: error: 'bounded' attribute directive ignored [-Werror=attributes]
]    10 |     __attribute__((__bounded__(__buffer__, 2, 3)));
]       |     ^~~~~~~~~~~~~
] conftest.c:10:5: error: 'bounded' attribute directive ignored [-Werror=attributes]
] cc1: all warnings being treated as errors
==> for __attribute__((__bounded__))... no
... for __attribute__((__format__))
$ cc  -O2 -fno-lto -Wno-deprecated-declarations -fno-asynchronous-unwind-tables -fno-strict-aliasing -fstack-protector-strong -malign-data=abi -Wall -fwrapv -I. 
 -DMKSH_BUILDSH -D_GNU_SOURCE -DSETUID_CAN_FAIL_WITH_EAGAIN -DHAVE_STRING_POOLING=2 -DHAVE_ATTRIBUTE_BOUNDED=0  -fno-lto -Werror conftest.c  || for _f in ${tcfn}
*; do case $_f in *.1|*.ico) ;; *) rm -f "$_f" ;; esac; done
==> for __attribute__((__format__))... yes
... for __attribute__((__noreturn__))
$ cc  -O2 -fno-lto -Wno-deprecated-declarations -fno-asynchronous-unwind-tables -fno-strict-aliasing -fstack-protector-strong -malign-data=abi -Wall -fwrapv -I. 
 -DMKSH_BUILDSH -D_GNU_SOURCE -DSETUID_CAN_FAIL_WITH_EAGAIN -DHAVE_STRING_POOLING=2 -DHAVE_ATTRIBUTE_BOUNDED=0 -DHAVE_ATTRIBUTE_FORMAT=1  -fno-lto -Werror confte
st.c  || for _f in ${tcfn}*; do case $_f in *.1|*.ico) ;; *) rm -f "$_f" ;; esac; done
==> for __attribute__((__noreturn__))... yes
... for __attribute__((__pure__))
$ cc  -O2 -fno-lto -Wno-deprecated-declarations -fno-asynchronous-unwind-tables -fno-strict-aliasing -fstack-protector-strong -malign-data=abi -Wall -fwrapv -I. 
 -DMKSH_BUILDSH -D_GNU_SOURCE -DSETUID_CAN_FAIL_WITH_EAGAIN -DHAVE_STRING_POOLING=2 -DHAVE_ATTRIBUTE_BOUNDED=0 -DHAVE_ATTRIBUTE_FORMAT=1 -DHAVE_ATTRIBUTE_NORETUR
N=1  -fno-lto -Werror conftest.c  || for _f in ${tcfn}*; do case $_f in *.1|*.ico) ;; *) rm -f "$_f" ;; esac; done
==> for __attribute__((__pure__))... yes
... for __attribute__((__unused__))
$ cc  -O2 -fno-lto -Wno-deprecated-declarations -fno-asynchronous-unwind-tables -fno-strict-aliasing -fstack-protector-strong -malign-data=abi -Wall -fwrapv -I. 
 -DMKSH_BUILDSH -D_GNU_SOURCE -DSETUID_CAN_FAIL_WITH_EAGAIN -DHAVE_STRING_POOLING=2 -DHAVE_ATTRIBUTE_BOUNDED=0 -DHAVE_ATTRIBUTE_FORMAT=1 -DHAVE_ATTRIBUTE_NORETUR
N=1 -DHAVE_ATTRIBUTE_PURE=1  -fno-lto -Werror conftest.c  || for _f in ${tcfn}*; do case $_f in *.1|*.ico) ;; *) rm -f "$_f" ;; esac; done
==> for __attribute__((__unused__))... yes
... for __attribute__((__used__))
$ cc  -O2 -fno-lto -Wno-deprecated-declarations -fno-asynchronous-unwind-tables -fno-strict-aliasing -fstack-protector-strong -malign-data=abi -Wall -fwrapv -I. 
 -DMKSH_BUILDSH -D_GNU_SOURCE -DSETUID_CAN_FAIL_WITH_EAGAIN -DHAVE_STRING_POOLING=2 -DHAVE_ATTRIBUTE_BOUNDED=0 -DHAVE_ATTRIBUTE_FORMAT=1 -DHAVE_ATTRIBUTE_NORETUR
N=1 -DHAVE_ATTRIBUTE_PURE=1 -DHAVE_ATTRIBUTE_UNUSED=1  -fno-lto -Werror conftest.c  || for _f in ${tcfn}*; do case $_f in *.1|*.ico) ;; *) rm -f "$_f" ;; esac; d
one
==> for __attribute__((__used__))... yes
... if a reduced-feature mksh is requested
$ cc  -O2 -fno-lto -Wno-deprecated-declarations -fno-asynchronous-unwind-tables -fno-strict-aliasing -fstack-protector-strong -malign-data=abi -Wall -fwrapv -I. 
 -DMKSH_BUILDSH -D_GNU_SOURCE -DSETUID_CAN_FAIL_WITH_EAGAIN -DHAVE_STRING_POOLING=2 -DHAVE_ATTRIBUTE_BOUNDED=0 -DHAVE_ATTRIBUTE_FORMAT=1 -DHAVE_ATTRIBUTE_NORETUR
N=1 -DHAVE_ATTRIBUTE_PURE=1 -DHAVE_ATTRIBUTE_UNUSED=1 -DHAVE_ATTRIBUTE_USED=1  -fno-lto -Wno-error conftest.c  || for _f in ${tcfn}*; do case $_f in *.1|*.ico) ;
; *) rm -f "$_f" ;; esac; done
] /usr/bin/ld: /tmp/ccy1inE8.o: in function `main':
] conftest.c:(.text.startup+0xf): undefined reference to `thiswillneverbedefinedIhope'
] collect2: error: ld returned 1 exit status
==> if a reduced-feature mksh is requested... no
... if invoking as sh should be handled specially
$ cc  -O2 -fno-lto -Wno-deprecated-declarations -fno-asynchronous-unwind-tables -fno-strict-aliasing -fstack-protector-strong -malign-data=abi -Wall -fwrapv -I. 
 -DMKSH_BUILDSH -D_GNU_SOURCE -DSETUID_CAN_FAIL_WITH_EAGAIN -DHAVE_STRING_POOLING=2 -DHAVE_ATTRIBUTE_BOUNDED=0 -DHAVE_ATTRIBUTE_FORMAT=1 -DHAVE_ATTRIBUTE_NORETUR
N=1 -DHAVE_ATTRIBUTE_PURE=1 -DHAVE_ATTRIBUTE_UNUSED=1 -DHAVE_ATTRIBUTE_USED=1  -fno-lto -Wno-error conftest.c  || for _f in ${tcfn}*; do case $_f in *.1|*.ico) ;
; *) rm -f "$_f" ;; esac; done
] /usr/bin/ld: /tmp/ccgzqGxE.o: in function `main':
] conftest.c:(.text.startup+0xf): undefined reference to `thiswillneverbedefinedIhope'
] collect2: error: ld returned 1 exit status
==> if invoking as sh should be handled specially... no
... if mksh will be built without job control
$ cc  -O2 -fno-lto -Wno-deprecated-declarations -fno-asynchronous-unwind-tables -fno-strict-aliasing -fstack-protector-strong -malign-data=abi -Wall -fwrapv -I. 
 -DMKSH_BUILDSH -D_GNU_SOURCE -DSETUID_CAN_FAIL_WITH_EAGAIN -DHAVE_STRING_POOLING=2 -DHAVE_ATTRIBUTE_BOUNDED=0 -DHAVE_ATTRIBUTE_FORMAT=1 -DHAVE_ATTRIBUTE_NORETUR
N=1 -DHAVE_ATTRIBUTE_PURE=1 -DHAVE_ATTRIBUTE_UNUSED=1 -DHAVE_ATTRIBUTE_USED=1  -fno-lto -Wno-error conftest.c  || for _f in ${tcfn}*; do case $_f in *.1|*.ico) ;
; *) rm -f "$_f" ;; esac; done
] /usr/bin/ld: /tmp/cc0Hte58.o: in function `main':
] conftest.c:(.text.startup+0xf): undefined reference to `thiswillneverbedefinedIhope'
] collect2: error: ld returned 1 exit status
==> if mksh will be built without job control... no
... if mksh will be built without job signals
$ cc  -O2 -fno-lto -Wno-deprecated-declarations -fno-asynchronous-unwind-tables -fno-strict-aliasing -fstack-protector-strong -malign-data=abi -Wall -fwrapv -I. 
 -DMKSH_BUILDSH -D_GNU_SOURCE -DSETUID_CAN_FAIL_WITH_EAGAIN -DHAVE_STRING_POOLING=2 -DHAVE_ATTRIBUTE_BOUNDED=0 -DHAVE_ATTRIBUTE_FORMAT=1 -DHAVE_ATTRIBUTE_NORETUR
N=1 -DHAVE_ATTRIBUTE_PURE=1 -DHAVE_ATTRIBUTE_UNUSED=1 -DHAVE_ATTRIBUTE_USED=1  -fno-lto -Wno-error conftest.c  || for _f in ${tcfn}*; do case $_f in *.1|*.ico) ;
; *) rm -f "$_f" ;; esac; done
] /usr/bin/ld: /tmp/ccBrFIVE.o: in function `main':
] conftest.c:(.text.startup+0xf): undefined reference to `thiswillneverbedefinedIhope'
] collect2: error: ld returned 1 exit status
==> if mksh will be built without job signals... no
... if the default UTF-8 mode is specified
$ cc  -O2 -fno-lto -Wno-deprecated-declarations -fno-asynchronous-unwind-tables -fno-strict-aliasing -fstack-protector-strong -malign-data=abi -Wall -fwrapv -I. 
 -DMKSH_BUILDSH -D_GNU_SOURCE -DSETUID_CAN_FAIL_WITH_EAGAIN -DHAVE_STRING_POOLING=2 -DHAVE_ATTRIBUTE_BOUNDED=0 -DHAVE_ATTRIBUTE_FORMAT=1 -DHAVE_ATTRIBUTE_NORETUR
N=1 -DHAVE_ATTRIBUTE_PURE=1 -DHAVE_ATTRIBUTE_UNUSED=1 -DHAVE_ATTRIBUTE_USED=1  -fno-lto -Wno-error conftest.c  || for _f in ${tcfn}*; do case $_f in *.1|*.ico) ;
; *) rm -f "$_f" ;; esac; done
] /usr/bin/ld: /tmp/ccMX6MW9.o: in function `main':
] conftest.c:(.text.startup+0xf): undefined reference to `thiswillneverbedefinedIhope'
] collect2: error: ld returned 1 exit status
==> if the default UTF-8 mode is specified... no
==> if the default UTF-8 mode is disabled... no (implied)
... if the MidnightBSD 0.1 ash compatibility mode is requested
$ cc  -O2 -fno-lto -Wno-deprecated-declarations -fno-asynchronous-unwind-tables -fno-strict-aliasing -fstack-protector-strong -malign-data=abi -Wall -fwrapv -I. 
 -DMKSH_BUILDSH -D_GNU_SOURCE -DSETUID_CAN_FAIL_WITH_EAGAIN -DHAVE_STRING_POOLING=2 -DHAVE_ATTRIBUTE_BOUNDED=0 -DHAVE_ATTRIBUTE_FORMAT=1 -DHAVE_ATTRIBUTE_NORETUR
N=1 -DHAVE_ATTRIBUTE_PURE=1 -DHAVE_ATTRIBUTE_UNUSED=1 -DHAVE_ATTRIBUTE_USED=1  -fno-lto -Wno-error conftest.c  || for _f in ${tcfn}*; do case $_f in *.1|*.ico) ;
; *) rm -f "$_f" ;; esac; done
] /usr/bin/ld: /tmp/ccdlq4zE.o: in function `main':
] conftest.c:(.text.startup+0xf): undefined reference to `thiswillneverbedefinedIhope'
] collect2: error: ld returned 1 exit status
==> if the MidnightBSD 0.1 ash compatibility mode is requested... no
... <sys/time.h>
$ cc  -O2 -fno-lto -Wno-deprecated-declarations -fno-asynchronous-unwind-tables -fno-strict-aliasing -fstack-protector-strong -malign-data=abi -Wall -fwrapv -I. 
 -DMKSH_BUILDSH -D_GNU_SOURCE -DSETUID_CAN_FAIL_WITH_EAGAIN -DHAVE_STRING_POOLING=2 -DHAVE_ATTRIBUTE_BOUNDED=0 -DHAVE_ATTRIBUTE_FORMAT=1 -DHAVE_ATTRIBUTE_NORETUR
N=1 -DHAVE_ATTRIBUTE_PURE=1 -DHAVE_ATTRIBUTE_UNUSED=1 -DHAVE_ATTRIBUTE_USED=1  -fno-lto -Wno-error conftest.c  || for _f in ${tcfn}*; do case $_f in *.1|*.ico) ;
; *) rm -f "$_f" ;; esac; done
==> <sys/time.h>... yes
... <time.h>
$ cc  -O2 -fno-lto -Wno-deprecated-declarations -fno-asynchronous-unwind-tables -fno-strict-aliasing -fstack-protector-strong -malign-data=abi -Wall -fwrapv -I. 
 -DMKSH_BUILDSH -D_GNU_SOURCE -DSETUID_CAN_FAIL_WITH_EAGAIN -DHAVE_STRING_POOLING=2 -DHAVE_ATTRIBUTE_BOUNDED=0 -DHAVE_ATTRIBUTE_FORMAT=1 -DHAVE_ATTRIBUTE_NORETUR
N=1 -DHAVE_ATTRIBUTE_PURE=1 -DHAVE_ATTRIBUTE_UNUSED=1 -DHAVE_ATTRIBUTE_USED=1 -DHAVE_SYS_TIME_H=1  -fno-lto -Wno-error conftest.c  || for _f in ${tcfn}*; do case
 $_f in *.1|*.ico) ;; *) rm -f "$_f" ;; esac; done
==> <time.h>... yes
... whether <sys/time.h> and <time.h> can both be included
$ cc  -O2 -fno-lto -Wno-deprecated-declarations -fno-asynchronous-unwind-tables -fno-strict-aliasing -fstack-protector-strong -malign-data=abi -Wall -fwrapv -I. 
 -DMKSH_BUILDSH -D_GNU_SOURCE -DSETUID_CAN_FAIL_WITH_EAGAIN -DHAVE_STRING_POOLING=2 -DHAVE_ATTRIBUTE_BOUNDED=0 -DHAVE_ATTRIBUTE_FORMAT=1 -DHAVE_ATTRIBUTE_NORETUR
N=1 -DHAVE_ATTRIBUTE_PURE=1 -DHAVE_ATTRIBUTE_UNUSED=1 -DHAVE_ATTRIBUTE_USED=1 -DHAVE_SYS_TIME_H=1 -DHAVE_TIME_H=1  -fno-lto -Wno-error conftest.c  || for _f in $
{tcfn}*; do case $_f in *.1|*.ico) ;; *) rm -f "$_f" ;; esac; done
==> whether <sys/time.h> and <time.h> can both be included... yes
... <sys/bsdtypes.h>
$ cc  -O2 -fno-lto -Wno-deprecated-declarations -fno-asynchronous-unwind-tables -fno-strict-aliasing -fstack-protector-strong -malign-data=abi -Wall -fwrapv -I. 
 -DMKSH_BUILDSH -D_GNU_SOURCE -DSETUID_CAN_FAIL_WITH_EAGAIN -DHAVE_STRING_POOLING=2 -DHAVE_ATTRIBUTE_BOUNDED=0 -DHAVE_ATTRIBUTE_FORMAT=1 -DHAVE_ATTRIBUTE_NORETUR
N=1 -DHAVE_ATTRIBUTE_PURE=1 -DHAVE_ATTRIBUTE_UNUSED=1 -DHAVE_ATTRIBUTE_USED=1 -DHAVE_SYS_TIME_H=1 -DHAVE_TIME_H=1 -DHAVE_BOTH_TIME_H=1  -fno-lto -Wno-error conft
est.c  || for _f in ${tcfn}*; do case $_f in *.1|*.ico) ;; *) rm -f "$_f" ;; esac; done
] conftest.c:2:10: fatal error: sys/bsdtypes.h: No such file or directory
]     2 | #include <sys/bsdtypes.h>
]       |          ^~~~~~~~~~~~~~~~
] compilation terminated.
==> <sys/bsdtypes.h>... no
... <sys/file.h>
$ cc  -O2 -fno-lto -Wno-deprecated-declarations -fno-asynchronous-unwind-tables -fno-strict-aliasing -fstack-protector-strong -malign-data=abi -Wall -fwrapv -I. 
 -DMKSH_BUILDSH -D_GNU_SOURCE -DSETUID_CAN_FAIL_WITH_EAGAIN -DHAVE_STRING_POOLING=2 -DHAVE_ATTRIBUTE_BOUNDED=0 -DHAVE_ATTRIBUTE_FORMAT=1 -DHAVE_ATTRIBUTE_NORETUR
N=1 -DHAVE_ATTRIBUTE_PURE=1 -DHAVE_ATTRIBUTE_UNUSED=1 -DHAVE_ATTRIBUTE_USED=1 -DHAVE_SYS_TIME_H=1 -DHAVE_TIME_H=1 -DHAVE_BOTH_TIME_H=1 -DHAVE_SYS_BSDTYPES_H=0  -
fno-lto -Wno-error conftest.c  || for _f in ${tcfn}*; do case $_f in *.1|*.ico) ;; *) rm -f "$_f" ;; esac; done
==> <sys/file.h>... yes
... <sys/mkdev.h>
$ cc  -O2 -fno-lto -Wno-deprecated-declarations -fno-asynchronous-unwind-tables -fno-strict-aliasing -fstack-protector-strong -malign-data=abi -Wall -fwrapv -I. 
 -DMKSH_BUILDSH -D_GNU_SOURCE -DSETUID_CAN_FAIL_WITH_EAGAIN -DHAVE_STRING_POOLING=2 -DHAVE_ATTRIBUTE_BOUNDED=0 -DHAVE_ATTRIBUTE_FORMAT=1 -DHAVE_ATTRIBUTE_NORETUR
N=1 -DHAVE_ATTRIBUTE_PURE=1 -DHAVE_ATTRIBUTE_UNUSED=1 -DHAVE_ATTRIBUTE_USED=1 -DHAVE_SYS_TIME_H=1 -DHAVE_TIME_H=1 -DHAVE_BOTH_TIME_H=1 -DHAVE_SYS_BSDTYPES_H=0 -D
HAVE_SYS_FILE_H=1  -fno-lto -Wno-error conftest.c  || for _f in ${tcfn}*; do case $_f in *.1|*.ico) ;; *) rm -f "$_f" ;; esac; done
] conftest.c:3:10: fatal error: sys/mkdev.h: No such file or directory
]     3 | #include <sys/mkdev.h>
]       |          ^~~~~~~~~~~~~
] compilation terminated.
==> <sys/mkdev.h>... no
... <sys/mman.h>
$ cc  -O2 -fno-lto -Wno-deprecated-declarations -fno-asynchronous-unwind-tables -fno-strict-aliasing -fstack-protector-strong -malign-data=abi -Wall -fwrapv -I. 
 -DMKSH_BUILDSH -D_GNU_SOURCE -DSETUID_CAN_FAIL_WITH_EAGAIN -DHAVE_STRING_POOLING=2 -DHAVE_ATTRIBUTE_BOUNDED=0 -DHAVE_ATTRIBUTE_FORMAT=1 -DHAVE_ATTRIBUTE_NORETUR
N=1 -DHAVE_ATTRIBUTE_PURE=1 -DHAVE_ATTRIBUTE_UNUSED=1 -DHAVE_ATTRIBUTE_USED=1 -DHAVE_SYS_TIME_H=1 -DHAVE_TIME_H=1 -DHAVE_BOTH_TIME_H=1 -DHAVE_SYS_BSDTYPES_H=0 -D
HAVE_SYS_FILE_H=1 -DHAVE_SYS_MKDEV_H=0  -fno-lto -Wno-error conftest.c  || for _f in ${tcfn}*; do case $_f in *.1|*.ico) ;; *) rm -f "$_f" ;; esac; done
==> <sys/mman.h>... yes
... <sys/param.h>
$ cc  -O2 -fno-lto -Wno-deprecated-declarations -fno-asynchronous-unwind-tables -fno-strict-aliasing -fstack-protector-strong -malign-data=abi -Wall -fwrapv -I. 
 -DMKSH_BUILDSH -D_GNU_SOURCE -DSETUID_CAN_FAIL_WITH_EAGAIN -DHAVE_STRING_POOLING=2 -DHAVE_ATTRIBUTE_BOUNDED=0 -DHAVE_ATTRIBUTE_FORMAT=1 -DHAVE_ATTRIBUTE_NORETUR
N=1 -DHAVE_ATTRIBUTE_PURE=1 -DHAVE_ATTRIBUTE_UNUSED=1 -DHAVE_ATTRIBUTE_USED=1 -DHAVE_SYS_TIME_H=1 -DHAVE_TIME_H=1 -DHAVE_BOTH_TIME_H=1 -DHAVE_SYS_BSDTYPES_H=0 -D
HAVE_SYS_FILE_H=1 -DHAVE_SYS_MKDEV_H=0 -DHAVE_SYS_MMAN_H=1  -fno-lto -Wno-error conftest.c  || for _f in ${tcfn}*; do case $_f in *.1|*.ico) ;; *) rm -f "$_f" ;;
 esac; done
==> <sys/param.h>... yes
... <sys/resource.h>
$ cc  -O2 -fno-lto -Wno-deprecated-declarations -fno-asynchronous-unwind-tables -fno-strict-aliasing -fstack-protector-strong -malign-data=abi -Wall -fwrapv -I. 
 -DMKSH_BUILDSH -D_GNU_SOURCE -DSETUID_CAN_FAIL_WITH_EAGAIN -DHAVE_STRING_POOLING=2 -DHAVE_ATTRIBUTE_BOUNDED=0 -DHAVE_ATTRIBUTE_FORMAT=1 -DHAVE_ATTRIBUTE_NORETUR
N=1 -DHAVE_ATTRIBUTE_PURE=1 -DHAVE_ATTRIBUTE_UNUSED=1 -DHAVE_ATTRIBUTE_USED=1 -DHAVE_SYS_TIME_H=1 -DHAVE_TIME_H=1 -DHAVE_BOTH_TIME_H=1 -DHAVE_SYS_BSDTYPES_H=0 -D
HAVE_SYS_FILE_H=1 -DHAVE_SYS_MKDEV_H=0 -DHAVE_SYS_MMAN_H=1 -DHAVE_SYS_PARAM_H=1  -fno-lto -Wno-error conftest.c  || for _f in ${tcfn}*; do case $_f in *.1|*.ico)
 ;; *) rm -f "$_f" ;; esac; done
==> <sys/resource.h>... yes
... <sys/select.h>
$ cc  -O2 -fno-lto -Wno-deprecated-declarations -fno-asynchronous-unwind-tables -fno-strict-aliasing -fstack-protector-strong -malign-data=abi -Wall -fwrapv -I. 
 -DMKSH_BUILDSH -D_GNU_SOURCE -DSETUID_CAN_FAIL_WITH_EAGAIN -DHAVE_STRING_POOLING=2 -DHAVE_ATTRIBUTE_BOUNDED=0 -DHAVE_ATTRIBUTE_FORMAT=1 -DHAVE_ATTRIBUTE_NORETUR
N=1 -DHAVE_ATTRIBUTE_PURE=1 -DHAVE_ATTRIBUTE_UNUSED=1 -DHAVE_ATTRIBUTE_USED=1 -DHAVE_SYS_TIME_H=1 -DHAVE_TIME_H=1 -DHAVE_BOTH_TIME_H=1 -DHAVE_SYS_BSDTYPES_H=0 -D
HAVE_SYS_FILE_H=1 -DHAVE_SYS_MKDEV_H=0 -DHAVE_SYS_MMAN_H=1 -DHAVE_SYS_PARAM_H=1 -DHAVE_SYS_RESOURCE_H=1  -fno-lto -Wno-error conftest.c  || for _f in ${tcfn}*; d
o case $_f in *.1|*.ico) ;; *) rm -f "$_f" ;; esac; done
==> <sys/select.h>... yes
... <sys/sysmacros.h>
$ cc  -O2 -fno-lto -Wno-deprecated-declarations -fno-asynchronous-unwind-tables -fno-strict-aliasing -fstack-protector-strong -malign-data=abi -Wall -fwrapv -I. 
 -DMKSH_BUILDSH -D_GNU_SOURCE -DSETUID_CAN_FAIL_WITH_EAGAIN -DHAVE_STRING_POOLING=2 -DHAVE_ATTRIBUTE_BOUNDED=0 -DHAVE_ATTRIBUTE_FORMAT=1 -DHAVE_ATTRIBUTE_NORETUR
N=1 -DHAVE_ATTRIBUTE_PURE=1 -DHAVE_ATTRIBUTE_UNUSED=1 -DHAVE_ATTRIBUTE_USED=1 -DHAVE_SYS_TIME_H=1 -DHAVE_TIME_H=1 -DHAVE_BOTH_TIME_H=1 -DHAVE_SYS_BSDTYPES_H=0 -D
HAVE_SYS_FILE_H=1 -DHAVE_SYS_MKDEV_H=0 -DHAVE_SYS_MMAN_H=1 -DHAVE_SYS_PARAM_H=1 -DHAVE_SYS_RESOURCE_H=1 -DHAVE_SYS_SELECT_H=1  -fno-lto -Wno-error conftest.c  ||
 for _f in ${tcfn}*; do case $_f in *.1|*.ico) ;; *) rm -f "$_f" ;; esac; done
==> <sys/sysmacros.h>... yes
... <bstring.h>
$ cc  -O2 -fno-lto -Wno-deprecated-declarations -fno-asynchronous-unwind-tables -fno-strict-aliasing -fstack-protector-strong -malign-data=abi -Wall -fwrapv -I. 
 -DMKSH_BUILDSH -D_GNU_SOURCE -DSETUID_CAN_FAIL_WITH_EAGAIN -DHAVE_STRING_POOLING=2 -DHAVE_ATTRIBUTE_BOUNDED=0 -DHAVE_ATTRIBUTE_FORMAT=1 -DHAVE_ATTRIBUTE_NORETUR
N=1 -DHAVE_ATTRIBUTE_PURE=1 -DHAVE_ATTRIBUTE_UNUSED=1 -DHAVE_ATTRIBUTE_USED=1 -DHAVE_SYS_TIME_H=1 -DHAVE_TIME_H=1 -DHAVE_BOTH_TIME_H=1 -DHAVE_SYS_BSDTYPES_H=0 -D
HAVE_SYS_FILE_H=1 -DHAVE_SYS_MKDEV_H=0 -DHAVE_SYS_MMAN_H=1 -DHAVE_SYS_PARAM_H=1 -DHAVE_SYS_RESOURCE_H=1 -DHAVE_SYS_SELECT_H=1 -DHAVE_SYS_SYSMACROS_H=1  -fno-lto 
-Wno-error conftest.c  || for _f in ${tcfn}*; do case $_f in *.1|*.ico) ;; *) rm -f "$_f" ;; esac; done
] conftest.c:2:10: fatal error: bstring.h: No such file or directory
]     2 | #include <bstring.h>
]       |          ^~~~~~~~~~~
] compilation terminated.
==> <bstring.h>... no
... <grp.h>
$ cc  -O2 -fno-lto -Wno-deprecated-declarations -fno-asynchronous-unwind-tables -fno-strict-aliasing -fstack-protector-strong -malign-data=abi -Wall -fwrapv -I. 
 -DMKSH_BUILDSH -D_GNU_SOURCE -DSETUID_CAN_FAIL_WITH_EAGAIN -DHAVE_STRING_POOLING=2 -DHAVE_ATTRIBUTE_BOUNDED=0 -DHAVE_ATTRIBUTE_FORMAT=1 -DHAVE_ATTRIBUTE_NORETUR
N=1 -DHAVE_ATTRIBUTE_PURE=1 -DHAVE_ATTRIBUTE_UNUSED=1 -DHAVE_ATTRIBUTE_USED=1 -DHAVE_SYS_TIME_H=1 -DHAVE_TIME_H=1 -DHAVE_BOTH_TIME_H=1 -DHAVE_SYS_BSDTYPES_H=0 -D
HAVE_SYS_FILE_H=1 -DHAVE_SYS_MKDEV_H=0 -DHAVE_SYS_MMAN_H=1 -DHAVE_SYS_PARAM_H=1 -DHAVE_SYS_RESOURCE_H=1 -DHAVE_SYS_SELECT_H=1 -DHAVE_SYS_SYSMACROS_H=1 -DHAVE_BST
RING_H=0  -fno-lto -Wno-error conftest.c  || for _f in ${tcfn}*; do case $_f in *.1|*.ico) ;; *) rm -f "$_f" ;; esac; done
==> <grp.h>... yes
... <io.h>
$ cc  -O2 -fno-lto -Wno-deprecated-declarations -fno-asynchronous-unwind-tables -fno-strict-aliasing -fstack-protector-strong -malign-data=abi -Wall -fwrapv -I. 
 -DMKSH_BUILDSH -D_GNU_SOURCE -DSETUID_CAN_FAIL_WITH_EAGAIN -DHAVE_STRING_POOLING=2 -DHAVE_ATTRIBUTE_BOUNDED=0 -DHAVE_ATTRIBUTE_FORMAT=1 -DHAVE_ATTRIBUTE_NORETUR
N=1 -DHAVE_ATTRIBUTE_PURE=1 -DHAVE_ATTRIBUTE_UNUSED=1 -DHAVE_ATTRIBUTE_USED=1 -DHAVE_SYS_TIME_H=1 -DHAVE_TIME_H=1 -DHAVE_BOTH_TIME_H=1 -DHAVE_SYS_BSDTYPES_H=0 -D
HAVE_SYS_FILE_H=1 -DHAVE_SYS_MKDEV_H=0 -DHAVE_SYS_MMAN_H=1 -DHAVE_SYS_PARAM_H=1 -DHAVE_SYS_RESOURCE_H=1 -DHAVE_SYS_SELECT_H=1 -DHAVE_SYS_SYSMACROS_H=1 -DHAVE_BST
RING_H=0 -DHAVE_GRP_H=1  -fno-lto -Wno-error conftest.c  || for _f in ${tcfn}*; do case $_f in *.1|*.ico) ;; *) rm -f "$_f" ;; esac; done
] conftest.c:2:10: fatal error: io.h: No such file or directory
]     2 | #include <io.h>
]       |          ^~~~~~
] compilation terminated.
==> <io.h>... no
... <libgen.h>
$ cc  -O2 -fno-lto -Wno-deprecated-declarations -fno-asynchronous-unwind-tables -fno-strict-aliasing -fstack-protector-strong -malign-data=abi -Wall -fwrapv -I. 
 -DMKSH_BUILDSH -D_GNU_SOURCE -DSETUID_CAN_FAIL_WITH_EAGAIN -DHAVE_STRING_POOLING=2 -DHAVE_ATTRIBUTE_BOUNDED=0 -DHAVE_ATTRIBUTE_FORMAT=1 -DHAVE_ATTRIBUTE_NORETUR
N=1 -DHAVE_ATTRIBUTE_PURE=1 -DHAVE_ATTRIBUTE_UNUSED=1 -DHAVE_ATTRIBUTE_USED=1 -DHAVE_SYS_TIME_H=1 -DHAVE_TIME_H=1 -DHAVE_BOTH_TIME_H=1 -DHAVE_SYS_BSDTYPES_H=0 -D
HAVE_SYS_FILE_H=1 -DHAVE_SYS_MKDEV_H=0 -DHAVE_SYS_MMAN_H=1 -DHAVE_SYS_PARAM_H=1 -DHAVE_SYS_RESOURCE_H=1 -DHAVE_SYS_SELECT_H=1 -DHAVE_SYS_SYSMACROS_H=1 -DHAVE_BST
RING_H=0 -DHAVE_GRP_H=1 -DHAVE_IO_H=0  -fno-lto -Wno-error conftest.c  || for _f in ${tcfn}*; do case $_f in *.1|*.ico) ;; *) rm -f "$_f" ;; esac; done
==> <libgen.h>... yes
... <libutil.h>
$ cc  -O2 -fno-lto -Wno-deprecated-declarations -fno-asynchronous-unwind-tables -fno-strict-aliasing -fstack-protector-strong -malign-data=abi -Wall -fwrapv -I. 
 -DMKSH_BUILDSH -D_GNU_SOURCE -DSETUID_CAN_FAIL_WITH_EAGAIN -DHAVE_STRING_POOLING=2 -DHAVE_ATTRIBUTE_BOUNDED=0 -DHAVE_ATTRIBUTE_FORMAT=1 -DHAVE_ATTRIBUTE_NORETUR
N=1 -DHAVE_ATTRIBUTE_PURE=1 -DHAVE_ATTRIBUTE_UNUSED=1 -DHAVE_ATTRIBUTE_USED=1 -DHAVE_SYS_TIME_H=1 -DHAVE_TIME_H=1 -DHAVE_BOTH_TIME_H=1 -DHAVE_SYS_BSDTYPES_H=0 -D
HAVE_SYS_FILE_H=1 -DHAVE_SYS_MKDEV_H=0 -DHAVE_SYS_MMAN_H=1 -DHAVE_SYS_PARAM_H=1 -DHAVE_SYS_RESOURCE_H=1 -DHAVE_SYS_SELECT_H=1 -DHAVE_SYS_SYSMACROS_H=1 -DHAVE_BST
RING_H=0 -DHAVE_GRP_H=1 -DHAVE_IO_H=0 -DHAVE_LIBGEN_H=1  -fno-lto -Wno-error conftest.c  || for _f in ${tcfn}*; do case $_f in *.1|*.ico) ;; *) rm -f "$_f" ;; es
ac; done
] conftest.c:3:10: fatal error: libutil.h: No such file or directory
]     3 | #include <libutil.h>
]       |          ^~~~~~~~~~~
] compilation terminated.
==> <libutil.h>... no
... <paths.h>
$ cc  -O2 -fno-lto -Wno-deprecated-declarations -fno-asynchronous-unwind-tables -fno-strict-aliasing -fstack-protector-strong -malign-data=abi -Wall -fwrapv -I. 
 -DMKSH_BUILDSH -D_GNU_SOURCE -DSETUID_CAN_FAIL_WITH_EAGAIN -DHAVE_STRING_POOLING=2 -DHAVE_ATTRIBUTE_BOUNDED=0 -DHAVE_ATTRIBUTE_FORMAT=1 -DHAVE_ATTRIBUTE_NORETUR
N=1 -DHAVE_ATTRIBUTE_PURE=1 -DHAVE_ATTRIBUTE_UNUSED=1 -DHAVE_ATTRIBUTE_USED=1 -DHAVE_SYS_TIME_H=1 -DHAVE_TIME_H=1 -DHAVE_BOTH_TIME_H=1 -DHAVE_SYS_BSDTYPES_H=0 -D
HAVE_SYS_FILE_H=1 -DHAVE_SYS_MKDEV_H=0 -DHAVE_SYS_MMAN_H=1 -DHAVE_SYS_PARAM_H=1 -DHAVE_SYS_RESOURCE_H=1 -DHAVE_SYS_SELECT_H=1 -DHAVE_SYS_SYSMACROS_H=1 -DHAVE_BST
RING_H=0 -DHAVE_GRP_H=1 -DHAVE_IO_H=0 -DHAVE_LIBGEN_H=1 -DHAVE_LIBUTIL_H=0  -fno-lto -Wno-error conftest.c  || for _f in ${tcfn}*; do case $_f in *.1|*.ico) ;; *
) rm -f "$_f" ;; esac; done
==> <paths.h>... yes
... <stdint.h>
$ cc  -O2 -fno-lto -Wno-deprecated-declarations -fno-asynchronous-unwind-tables -fno-strict-aliasing -fstack-protector-strong -malign-data=abi -Wall -fwrapv -I. 
 -DMKSH_BUILDSH -D_GNU_SOURCE -DSETUID_CAN_FAIL_WITH_EAGAIN -DHAVE_STRING_POOLING=2 -DHAVE_ATTRIBUTE_BOUNDED=0 -DHAVE_ATTRIBUTE_FORMAT=1 -DHAVE_ATTRIBUTE_NORETUR
N=1 -DHAVE_ATTRIBUTE_PURE=1 -DHAVE_ATTRIBUTE_UNUSED=1 -DHAVE_ATTRIBUTE_USED=1 -DHAVE_SYS_TIME_H=1 -DHAVE_TIME_H=1 -DHAVE_BOTH_TIME_H=1 -DHAVE_SYS_BSDTYPES_H=0 -D
HAVE_SYS_FILE_H=1 -DHAVE_SYS_MKDEV_H=0 -DHAVE_SYS_MMAN_H=1 -DHAVE_SYS_PARAM_H=1 -DHAVE_SYS_RESOURCE_H=1 -DHAVE_SYS_SELECT_H=1 -DHAVE_SYS_SYSMACROS_H=1 -DHAVE_BST
RING_H=0 -DHAVE_GRP_H=1 -DHAVE_IO_H=0 -DHAVE_LIBGEN_H=1 -DHAVE_LIBUTIL_H=0 -DHAVE_PATHS_H=1  -fno-lto -Wno-error conftest.c  || for _f in ${tcfn}*; do case $_f i
n *.1|*.ico) ;; *) rm -f "$_f" ;; esac; done
==> <stdint.h>... yes
... <strings.h>
$ cc  -O2 -fno-lto -Wno-deprecated-declarations -fno-asynchronous-unwind-tables -fno-strict-aliasing -fstack-protector-strong -malign-data=abi -Wall -fwrapv -I. 
 -DMKSH_BUILDSH -D_GNU_SOURCE -DSETUID_CAN_FAIL_WITH_EAGAIN -DHAVE_STRING_POOLING=2 -DHAVE_ATTRIBUTE_BOUNDED=0 -DHAVE_ATTRIBUTE_FORMAT=1 -DHAVE_ATTRIBUTE_NORETUR
N=1 -DHAVE_ATTRIBUTE_PURE=1 -DHAVE_ATTRIBUTE_UNUSED=1 -DHAVE_ATTRIBUTE_USED=1 -DHAVE_SYS_TIME_H=1 -DHAVE_TIME_H=1 -DHAVE_BOTH_TIME_H=1 -DHAVE_SYS_BSDTYPES_H=0 -D
HAVE_SYS_FILE_H=1 -DHAVE_SYS_MKDEV_H=0 -DHAVE_SYS_MMAN_H=1 -DHAVE_SYS_PARAM_H=1 -DHAVE_SYS_RESOURCE_H=1 -DHAVE_SYS_SELECT_H=1 -DHAVE_SYS_SYSMACROS_H=1 -DHAVE_BST
RING_H=0 -DHAVE_GRP_H=1 -DHAVE_IO_H=0 -DHAVE_LIBGEN_H=1 -DHAVE_LIBUTIL_H=0 -DHAVE_PATHS_H=1 -DHAVE_STDINT_H=1  -fno-lto -Wno-error conftest.c  || for _f in ${tcf
n}*; do case $_f in *.1|*.ico) ;; *) rm -f "$_f" ;; esac; done
==> <strings.h>... yes
... <termios.h>
$ cc  -O2 -fno-lto -Wno-deprecated-declarations -fno-asynchronous-unwind-tables -fno-strict-aliasing -fstack-protector-strong -malign-data=abi -Wall -fwrapv -I. 
 -DMKSH_BUILDSH -D_GNU_SOURCE -DSETUID_CAN_FAIL_WITH_EAGAIN -DHAVE_STRING_POOLING=2 -DHAVE_ATTRIBUTE_BOUNDED=0 -DHAVE_ATTRIBUTE_FORMAT=1 -DHAVE_ATTRIBUTE_NORETUR
N=1 -DHAVE_ATTRIBUTE_PURE=1 -DHAVE_ATTRIBUTE_UNUSED=1 -DHAVE_ATTRIBUTE_USED=1 -DHAVE_SYS_TIME_H=1 -DHAVE_TIME_H=1 -DHAVE_BOTH_TIME_H=1 -DHAVE_SYS_BSDTYPES_H=0 -D
HAVE_SYS_FILE_H=1 -DHAVE_SYS_MKDEV_H=0 -DHAVE_SYS_MMAN_H=1 -DHAVE_SYS_PARAM_H=1 -DHAVE_SYS_RESOURCE_H=1 -DHAVE_SYS_SELECT_H=1 -DHAVE_SYS_SYSMACROS_H=1 -DHAVE_BST
RING_H=0 -DHAVE_GRP_H=1 -DHAVE_IO_H=0 -DHAVE_LIBGEN_H=1 -DHAVE_LIBUTIL_H=0 -DHAVE_PATHS_H=1 -DHAVE_STDINT_H=1 -DHAVE_STRINGS_H=1  -fno-lto -Wno-error conftest.c 
 || for _f in ${tcfn}*; do case $_f in *.1|*.ico) ;; *) rm -f "$_f" ;; esac; done
==> <termios.h>... yes
... <ulimit.h>
$ cc  -O2 -fno-lto -Wno-deprecated-declarations -fno-asynchronous-unwind-tables -fno-strict-aliasing -fstack-protector-strong -malign-data=abi -Wall -fwrapv -I. 
 -DMKSH_BUILDSH -D_GNU_SOURCE -DSETUID_CAN_FAIL_WITH_EAGAIN -DHAVE_STRING_POOLING=2 -DHAVE_ATTRIBUTE_BOUNDED=0 -DHAVE_ATTRIBUTE_FORMAT=1 -DHAVE_ATTRIBUTE_NORETUR
N=1 -DHAVE_ATTRIBUTE_PURE=1 -DHAVE_ATTRIBUTE_UNUSED=1 -DHAVE_ATTRIBUTE_USED=1 -DHAVE_SYS_TIME_H=1 -DHAVE_TIME_H=1 -DHAVE_BOTH_TIME_H=1 -DHAVE_SYS_BSDTYPES_H=0 -D
HAVE_SYS_FILE_H=1 -DHAVE_SYS_MKDEV_H=0 -DHAVE_SYS_MMAN_H=1 -DHAVE_SYS_PARAM_H=1 -DHAVE_SYS_RESOURCE_H=1 -DHAVE_SYS_SELECT_H=1 -DHAVE_SYS_SYSMACROS_H=1 -DHAVE_BST
RING_H=0 -DHAVE_GRP_H=1 -DHAVE_IO_H=0 -DHAVE_LIBGEN_H=1 -DHAVE_LIBUTIL_H=0 -DHAVE_PATHS_H=1 -DHAVE_STDINT_H=1 -DHAVE_STRINGS_H=1 -DHAVE_TERMIOS_H=1  -fno-lto -Wn
o-error conftest.c  || for _f in ${tcfn}*; do case $_f in *.1|*.ico) ;; *) rm -f "$_f" ;; esac; done
==> <ulimit.h>... yes
... <values.h>
$ cc  -O2 -fno-lto -Wno-deprecated-declarations -fno-asynchronous-unwind-tables -fno-strict-aliasing -fstack-protector-strong -malign-data=abi -Wall -fwrapv -I. 
 -DMKSH_BUILDSH -D_GNU_SOURCE -DSETUID_CAN_FAIL_WITH_EAGAIN -DHAVE_STRING_POOLING=2 -DHAVE_ATTRIBUTE_BOUNDED=0 -DHAVE_ATTRIBUTE_FORMAT=1 -DHAVE_ATTRIBUTE_NORETUR
N=1 -DHAVE_ATTRIBUTE_PURE=1 -DHAVE_ATTRIBUTE_UNUSED=1 -DHAVE_ATTRIBUTE_USED=1 -DHAVE_SYS_TIME_H=1 -DHAVE_TIME_H=1 -DHAVE_BOTH_TIME_H=1 -DHAVE_SYS_BSDTYPES_H=0 -D
HAVE_SYS_FILE_H=1 -DHAVE_SYS_MKDEV_H=0 -DHAVE_SYS_MMAN_H=1 -DHAVE_SYS_PARAM_H=1 -DHAVE_SYS_RESOURCE_H=1 -DHAVE_SYS_SELECT_H=1 -DHAVE_SYS_SYSMACROS_H=1 -DHAVE_BST
RING_H=0 -DHAVE_GRP_H=1 -DHAVE_IO_H=0 -DHAVE_LIBGEN_H=1 -DHAVE_LIBUTIL_H=0 -DHAVE_PATHS_H=1 -DHAVE_STDINT_H=1 -DHAVE_STRINGS_H=1 -DHAVE_TERMIOS_H=1 -DHAVE_ULIMIT
_H=1  -fno-lto -Wno-error conftest.c  || for _f in ${tcfn}*; do case $_f in *.1|*.ico) ;; *) rm -f "$_f" ;; esac; done
==> <values.h>... yes
... for large file support
$ cc  -O2 -fno-lto -Wno-deprecated-declarations -fno-asynchronous-unwind-tables -fno-strict-aliasing -fstack-protector-strong -malign-data=abi -Wall -fwrapv -I. 
 -DMKSH_BUILDSH -D_GNU_SOURCE -DSETUID_CAN_FAIL_WITH_EAGAIN -DHAVE_STRING_POOLING=2 -DHAVE_ATTRIBUTE_BOUNDED=0 -DHAVE_ATTRIBUTE_FORMAT=1 -DHAVE_ATTRIBUTE_NORETUR
N=1 -DHAVE_ATTRIBUTE_PURE=1 -DHAVE_ATTRIBUTE_UNUSED=1 -DHAVE_ATTRIBUTE_USED=1 -DHAVE_SYS_TIME_H=1 -DHAVE_TIME_H=1 -DHAVE_BOTH_TIME_H=1 -DHAVE_SYS_BSDTYPES_H=0 -D
HAVE_SYS_FILE_H=1 -DHAVE_SYS_MKDEV_H=0 -DHAVE_SYS_MMAN_H=1 -DHAVE_SYS_PARAM_H=1 -DHAVE_SYS_RESOURCE_H=1 -DHAVE_SYS_SELECT_H=1 -DHAVE_SYS_SYSMACROS_H=1 -DHAVE_BST
RING_H=0 -DHAVE_GRP_H=1 -DHAVE_IO_H=0 -DHAVE_LIBGEN_H=1 -DHAVE_LIBUTIL_H=0 -DHAVE_PATHS_H=1 -DHAVE_STDINT_H=1 -DHAVE_STRINGS_H=1 -DHAVE_TERMIOS_H=1 -DHAVE_ULIMIT
_H=1 -DHAVE_VALUES_H=1  -fno-lto -Wno-error conftest.c  || for _f in ${tcfn}*; do case $_f in *.1|*.ico) ;; *) rm -f "$_f" ;; esac; done
==> for large file support... yes
==> ... with -D_FILE_OFFSET_BITS=64... no (implied)
==> ... with -D_LARGE_FILES=1... no (implied)
==> for standard 32-bit integer types... yes (implied)
==> for UCB 32-bit integer types... yes (implied)
==> for standard 8-bit integer type... yes (implied)
==> for UCB 8-bit integer type... yes (implied)
... rlim_t
$ cc  -O2 -fno-lto -Wno-deprecated-declarations -fno-asynchronous-unwind-tables -fno-strict-aliasing -fstack-protector-strong -malign-data=abi -Wall -fwrapv -I. 
 -DMKSH_BUILDSH -D_GNU_SOURCE -DSETUID_CAN_FAIL_WITH_EAGAIN -DHAVE_STRING_POOLING=2 -DHAVE_ATTRIBUTE_BOUNDED=0 -DHAVE_ATTRIBUTE_FORMAT=1 -DHAVE_ATTRIBUTE_NORETUR
N=1 -DHAVE_ATTRIBUTE_PURE=1 -DHAVE_ATTRIBUTE_UNUSED=1 -DHAVE_ATTRIBUTE_USED=1 -DHAVE_SYS_TIME_H=1 -DHAVE_TIME_H=1 -DHAVE_BOTH_TIME_H=1 -DHAVE_SYS_BSDTYPES_H=0 -D
HAVE_SYS_FILE_H=1 -DHAVE_SYS_MKDEV_H=0 -DHAVE_SYS_MMAN_H=1 -DHAVE_SYS_PARAM_H=1 -DHAVE_SYS_RESOURCE_H=1 -DHAVE_SYS_SELECT_H=1 -DHAVE_SYS_SYSMACROS_H=1 -DHAVE_BST
RING_H=0 -DHAVE_GRP_H=1 -DHAVE_IO_H=0 -DHAVE_LIBGEN_H=1 -DHAVE_LIBUTIL_H=0 -DHAVE_PATHS_H=1 -DHAVE_STDINT_H=1 -DHAVE_STRINGS_H=1 -DHAVE_TERMIOS_H=1 -DHAVE_ULIMIT
_H=1 -DHAVE_VALUES_H=1 -DHAVE_CAN_INTTYPES=1 -DHAVE_CAN_UCBINTS=1 -DHAVE_CAN_INT8TYPE=1 -DHAVE_CAN_UCBINT8=1  -fno-lto -Wno-error conftest.c  || for _f in ${tcfn
}*; do case $_f in *.1|*.ico) ;; *) rm -f "$_f" ;; esac; done
==> rlim_t... yes
... sig_t
$ cc  -O2 -fno-lto -Wno-deprecated-declarations -fno-asynchronous-unwind-tables -fno-strict-aliasing -fstack-protector-strong -malign-data=abi -Wall -fwrapv -I. 
 -DMKSH_BUILDSH -D_GNU_SOURCE -DSETUID_CAN_FAIL_WITH_EAGAIN -DHAVE_STRING_POOLING=2 -DHAVE_ATTRIBUTE_BOUNDED=0 -DHAVE_ATTRIBUTE_FORMAT=1 -DHAVE_ATTRIBUTE_NORETUR
N=1 -DHAVE_ATTRIBUTE_PURE=1 -DHAVE_ATTRIBUTE_UNUSED=1 -DHAVE_ATTRIBUTE_USED=1 -DHAVE_SYS_TIME_H=1 -DHAVE_TIME_H=1 -DHAVE_BOTH_TIME_H=1 -DHAVE_SYS_BSDTYPES_H=0 -D
HAVE_SYS_FILE_H=1 -DHAVE_SYS_MKDEV_H=0 -DHAVE_SYS_MMAN_H=1 -DHAVE_SYS_PARAM_H=1 -DHAVE_SYS_RESOURCE_H=1 -DHAVE_SYS_SELECT_H=1 -DHAVE_SYS_SYSMACROS_H=1 -DHAVE_BST
RING_H=0 -DHAVE_GRP_H=1 -DHAVE_IO_H=0 -DHAVE_LIBGEN_H=1 -DHAVE_LIBUTIL_H=0 -DHAVE_PATHS_H=1 -DHAVE_STDINT_H=1 -DHAVE_STRINGS_H=1 -DHAVE_TERMIOS_H=1 -DHAVE_ULIMIT
_H=1 -DHAVE_VALUES_H=1 -DHAVE_CAN_INTTYPES=1 -DHAVE_CAN_UCBINTS=1 -DHAVE_CAN_INT8TYPE=1 -DHAVE_CAN_UCBINT8=1 -DHAVE_RLIM_T=1  -fno-lto -Wno-error conftest.c  || 
for _f in ${tcfn}*; do case $_f in *.1|*.ico) ;; *) rm -f "$_f" ;; esac; done
==> sig_t... yes
==> sighandler_t... no (implied)
==> __sighandler_t... no (implied)
... checking if the final link command may succeed
cc  -O2 -fno-lto -Wno-deprecated-declarations -fno-asynchronous-unwind-tables -fno-strict-aliasing -fstack-protector-strong -malign-data=abi -Wall -fwrapv -I.  -
DMKSH_BUILDSH -D_GNU_SOURCE -DSETUID_CAN_FAIL_WITH_EAGAIN -DHAVE_STRING_POOLING=2 -DHAVE_ATTRIBUTE_BOUNDED=0 -DHAVE_ATTRIBUTE_FORMAT=1 -DHAVE_ATTRIBUTE_NORETURN=
1 -DHAVE_ATTRIBUTE_PURE=1 -DHAVE_ATTRIBUTE_UNUSED=1 -DHAVE_ATTRIBUTE_USED=1 -DHAVE_SYS_TIME_H=1 -DHAVE_TIME_H=1 -DHAVE_BOTH_TIME_H=1 -DHAVE_SYS_BSDTYPES_H=0 -DHA
VE_SYS_FILE_H=1 -DHAVE_SYS_MKDEV_H=0 -DHAVE_SYS_MMAN_H=1 -DHAVE_SYS_PARAM_H=1 -DHAVE_SYS_RESOURCE_H=1 -DHAVE_SYS_SELECT_H=1 -DHAVE_SYS_SYSMACROS_H=1 -DHAVE_BSTRI
NG_H=0 -DHAVE_GRP_H=1 -DHAVE_IO_H=0 -DHAVE_LIBGEN_H=1 -DHAVE_LIBUTIL_H=0 -DHAVE_PATHS_H=1 -DHAVE_STDINT_H=1 -DHAVE_STRINGS_H=1 -DHAVE_TERMIOS_H=1 -DHAVE_ULIMIT_H
=1 -DHAVE_VALUES_H=1 -DHAVE_CAN_INTTYPES=1 -DHAVE_CAN_UCBINTS=1 -DHAVE_CAN_INT8TYPE=1 -DHAVE_CAN_UCBINT8=1 -DHAVE_RLIM_T=1 -DHAVE_SIG_T=1 -Wno-error -c conftest.
c
cc  -O2 -fno-lto -Wno-deprecated-declarations -fno-asynchronous-unwind-tables -fno-strict-aliasing -fstack-protector-strong -malign-data=abi -Wall -fwrapv  -fno-
lto -o a.out conftest.o  || for _f in ${tcfn}*; do case $_f in *.1|*.ico) ;; *) rm -f "$_f" ;; esac; done
==> checking if the final link command may succeed... yes
... the sys_errlist[] array and sys_nerr
$ cc  -O2 -fno-lto -Wno-deprecated-declarations -fno-asynchronous-unwind-tables -fno-strict-aliasing -fstack-protector-strong -malign-data=abi -Wall -fwrapv -I. 
 -DMKSH_BUILDSH -D_GNU_SOURCE -DSETUID_CAN_FAIL_WITH_EAGAIN -DHAVE_STRING_POOLING=2 -DHAVE_ATTRIBUTE_BOUNDED=0 -DHAVE_ATTRIBUTE_FORMAT=1 -DHAVE_ATTRIBUTE_NORETUR
N=1 -DHAVE_ATTRIBUTE_PURE=1 -DHAVE_ATTRIBUTE_UNUSED=1 -DHAVE_ATTRIBUTE_USED=1 -DHAVE_SYS_TIME_H=1 -DHAVE_TIME_H=1 -DHAVE_BOTH_TIME_H=1 -DHAVE_SYS_BSDTYPES_H=0 -D
HAVE_SYS_FILE_H=1 -DHAVE_SYS_MKDEV_H=0 -DHAVE_SYS_MMAN_H=1 -DHAVE_SYS_PARAM_H=1 -DHAVE_SYS_RESOURCE_H=1 -DHAVE_SYS_SELECT_H=1 -DHAVE_SYS_SYSMACROS_H=1 -DHAVE_BST
RING_H=0 -DHAVE_GRP_H=1 -DHAVE_IO_H=0 -DHAVE_LIBGEN_H=1 -DHAVE_LIBUTIL_H=0 -DHAVE_PATHS_H=1 -DHAVE_STDINT_H=1 -DHAVE_STRINGS_H=1 -DHAVE_TERMIOS_H=1 -DHAVE_ULIMIT
_H=1 -DHAVE_VALUES_H=1 -DHAVE_CAN_INTTYPES=1 -DHAVE_CAN_UCBINTS=1 -DHAVE_CAN_INT8TYPE=1 -DHAVE_CAN_UCBINT8=1 -DHAVE_RLIM_T=1 -DHAVE_SIG_T=1  -fno-lto -Wno-error 
conftest.c  || for _f in ${tcfn}*; do case $_f in *.1|*.ico) ;; *) rm -f "$_f" ;; esac; done
] /usr/bin/ld: /tmp/ccemoxiw.o: in function `main':
] conftest.c:(.text.startup+0xd): warning: `sys_errlist' is deprecated; use `strerror' or `strerror_r' instead
] /usr/bin/ld: conftest.c:(.text.startup+0x6): warning: `sys_nerr' is deprecated; use `strerror' or `strerror_r' instead
==> the sys_errlist[] array and sys_nerr... yes
==> the _sys_errlist[] array and _sys_nerr... no (implied)
... the sys_signame[] array
$ cc  -O2 -fno-lto -Wno-deprecated-declarations -fno-asynchronous-unwind-tables -fno-strict-aliasing -fstack-protector-strong -malign-data=abi -Wall -fwrapv -I. 
 -DMKSH_BUILDSH -D_GNU_SOURCE -DSETUID_CAN_FAIL_WITH_EAGAIN -DHAVE_STRING_POOLING=2 -DHAVE_ATTRIBUTE_BOUNDED=0 -DHAVE_ATTRIBUTE_FORMAT=1 -DHAVE_ATTRIBUTE_NORETUR
N=1 -DHAVE_ATTRIBUTE_PURE=1 -DHAVE_ATTRIBUTE_UNUSED=1 -DHAVE_ATTRIBUTE_USED=1 -DHAVE_SYS_TIME_H=1 -DHAVE_TIME_H=1 -DHAVE_BOTH_TIME_H=1 -DHAVE_SYS_BSDTYPES_H=0 -D
HAVE_SYS_FILE_H=1 -DHAVE_SYS_MKDEV_H=0 -DHAVE_SYS_MMAN_H=1 -DHAVE_SYS_PARAM_H=1 -DHAVE_SYS_RESOURCE_H=1 -DHAVE_SYS_SELECT_H=1 -DHAVE_SYS_SYSMACROS_H=1 -DHAVE_BST
RING_H=0 -DHAVE_GRP_H=1 -DHAVE_IO_H=0 -DHAVE_LIBGEN_H=1 -DHAVE_LIBUTIL_H=0 -DHAVE_PATHS_H=1 -DHAVE_STDINT_H=1 -DHAVE_STRINGS_H=1 -DHAVE_TERMIOS_H=1 -DHAVE_ULIMIT
_H=1 -DHAVE_VALUES_H=1 -DHAVE_CAN_INTTYPES=1 -DHAVE_CAN_UCBINTS=1 -DHAVE_CAN_INT8TYPE=1 -DHAVE_CAN_UCBINT8=1 -DHAVE_RLIM_T=1 -DHAVE_SIG_T=1 -DHAVE_SYS_ERRLIST=1 
 -fno-lto -Wno-error conftest.c  || for _f in ${tcfn}*; do case $_f in *.1|*.ico) ;; *) rm -f "$_f" ;; esac; done
] /usr/bin/ld: /tmp/cc9xH1bz.o: in function `main':
] conftest.c:(.text.startup+0x8): undefined reference to `sys_signame'
] collect2: error: ld returned 1 exit status
==> the sys_signame[] array... no
... the _sys_signame[] array
$ cc  -O2 -fno-lto -Wno-deprecated-declarations -fno-asynchronous-unwind-tables -fno-strict-aliasing -fstack-protector-strong -malign-data=abi -Wall -fwrapv -I. 
 -DMKSH_BUILDSH -D_GNU_SOURCE -DSETUID_CAN_FAIL_WITH_EAGAIN -DHAVE_STRING_POOLING=2 -DHAVE_ATTRIBUTE_BOUNDED=0 -DHAVE_ATTRIBUTE_FORMAT=1 -DHAVE_ATTRIBUTE_NORETUR
N=1 -DHAVE_ATTRIBUTE_PURE=1 -DHAVE_ATTRIBUTE_UNUSED=1 -DHAVE_ATTRIBUTE_USED=1 -DHAVE_SYS_TIME_H=1 -DHAVE_TIME_H=1 -DHAVE_BOTH_TIME_H=1 -DHAVE_SYS_BSDTYPES_H=0 -D
HAVE_SYS_FILE_H=1 -DHAVE_SYS_MKDEV_H=0 -DHAVE_SYS_MMAN_H=1 -DHAVE_SYS_PARAM_H=1 -DHAVE_SYS_RESOURCE_H=1 -DHAVE_SYS_SELECT_H=1 -DHAVE_SYS_SYSMACROS_H=1 -DHAVE_BST
RING_H=0 -DHAVE_GRP_H=1 -DHAVE_IO_H=0 -DHAVE_LIBGEN_H=1 -DHAVE_LIBUTIL_H=0 -DHAVE_PATHS_H=1 -DHAVE_STDINT_H=1 -DHAVE_STRINGS_H=1 -DHAVE_TERMIOS_H=1 -DHAVE_ULIMIT
_H=1 -DHAVE_VALUES_H=1 -DHAVE_CAN_INTTYPES=1 -DHAVE_CAN_UCBINTS=1 -DHAVE_CAN_INT8TYPE=1 -DHAVE_CAN_UCBINT8=1 -DHAVE_RLIM_T=1 -DHAVE_SIG_T=1 -DHAVE_SYS_ERRLIST=1 
 -fno-lto -Wno-error conftest.c  || for _f in ${tcfn}*; do case $_f in *.1|*.ico) ;; *) rm -f "$_f" ;; esac; done
] /usr/bin/ld: /tmp/ccPnJPv1.o: in function `main':
] conftest.c:(.text.startup+0x8): undefined reference to `_sys_signame'
] collect2: error: ld returned 1 exit status
==> the _sys_signame[] array... no
... the sys_siglist[] array
$ cc  -O2 -fno-lto -Wno-deprecated-declarations -fno-asynchronous-unwind-tables -fno-strict-aliasing -fstack-protector-strong -malign-data=abi -Wall -fwrapv -I. 
 -DMKSH_BUILDSH -D_GNU_SOURCE -DSETUID_CAN_FAIL_WITH_EAGAIN -DHAVE_STRING_POOLING=2 -DHAVE_ATTRIBUTE_BOUNDED=0 -DHAVE_ATTRIBUTE_FORMAT=1 -DHAVE_ATTRIBUTE_NORETUR
N=1 -DHAVE_ATTRIBUTE_PURE=1 -DHAVE_ATTRIBUTE_UNUSED=1 -DHAVE_ATTRIBUTE_USED=1 -DHAVE_SYS_TIME_H=1 -DHAVE_TIME_H=1 -DHAVE_BOTH_TIME_H=1 -DHAVE_SYS_BSDTYPES_H=0 -D
HAVE_SYS_FILE_H=1 -DHAVE_SYS_MKDEV_H=0 -DHAVE_SYS_MMAN_H=1 -DHAVE_SYS_PARAM_H=1 -DHAVE_SYS_RESOURCE_H=1 -DHAVE_SYS_SELECT_H=1 -DHAVE_SYS_SYSMACROS_H=1 -DHAVE_BST
RING_H=0 -DHAVE_GRP_H=1 -DHAVE_IO_H=0 -DHAVE_LIBGEN_H=1 -DHAVE_LIBUTIL_H=0 -DHAVE_PATHS_H=1 -DHAVE_STDINT_H=1 -DHAVE_STRINGS_H=1 -DHAVE_TERMIOS_H=1 -DHAVE_ULIMIT
_H=1 -DHAVE_VALUES_H=1 -DHAVE_CAN_INTTYPES=1 -DHAVE_CAN_UCBINTS=1 -DHAVE_CAN_INT8TYPE=1 -DHAVE_CAN_UCBINT8=1 -DHAVE_RLIM_T=1 -DHAVE_SIG_T=1 -DHAVE_SYS_ERRLIST=1 
-DHAVE_SYS_SIGNAME=0  -fno-lto -Wno-error conftest.c  || for _f in ${tcfn}*; do case $_f in *.1|*.ico) ;; *) rm -f "$_f" ;; esac; done
==> the sys_siglist[] array... yes
==> the _sys_siglist[] array... no (implied)
... flock
$ cc  -O2 -fno-lto -Wno-deprecated-declarations -fno-asynchronous-unwind-tables -fno-strict-aliasing -fstack-protector-strong -malign-data=abi -Wall -fwrapv -I. 
 -DMKSH_BUILDSH -D_GNU_SOURCE -DSETUID_CAN_FAIL_WITH_EAGAIN -DHAVE_STRING_POOLING=2 -DHAVE_ATTRIBUTE_BOUNDED=0 -DHAVE_ATTRIBUTE_FORMAT=1 -DHAVE_ATTRIBUTE_NORETUR
N=1 -DHAVE_ATTRIBUTE_PURE=1 -DHAVE_ATTRIBUTE_UNUSED=1 -DHAVE_ATTRIBUTE_USED=1 -DHAVE_SYS_TIME_H=1 -DHAVE_TIME_H=1 -DHAVE_BOTH_TIME_H=1 -DHAVE_SYS_BSDTYPES_H=0 -D
HAVE_SYS_FILE_H=1 -DHAVE_SYS_MKDEV_H=0 -DHAVE_SYS_MMAN_H=1 -DHAVE_SYS_PARAM_H=1 -DHAVE_SYS_RESOURCE_H=1 -DHAVE_SYS_SELECT_H=1 -DHAVE_SYS_SYSMACROS_H=1 -DHAVE_BST
RING_H=0 -DHAVE_GRP_H=1 -DHAVE_IO_H=0 -DHAVE_LIBGEN_H=1 -DHAVE_LIBUTIL_H=0 -DHAVE_PATHS_H=1 -DHAVE_STDINT_H=1 -DHAVE_STRINGS_H=1 -DHAVE_TERMIOS_H=1 -DHAVE_ULIMIT
_H=1 -DHAVE_VALUES_H=1 -DHAVE_CAN_INTTYPES=1 -DHAVE_CAN_UCBINTS=1 -DHAVE_CAN_INT8TYPE=1 -DHAVE_CAN_UCBINT8=1 -DHAVE_RLIM_T=1 -DHAVE_SIG_T=1 -DHAVE_SYS_ERRLIST=1 
-DHAVE_SYS_SIGNAME=0 -DHAVE_SYS_SIGLIST=1  -fno-lto -Wno-error conftest.c  || for _f in ${tcfn}*; do case $_f in *.1|*.ico) ;; *) rm -f "$_f" ;; esac; done
==> flock... yes
==> whether we can lock files with fcntl... yes (implied)
... getrusage
$ cc  -O2 -fno-lto -Wno-deprecated-declarations -fno-asynchronous-unwind-tables -fno-strict-aliasing -fstack-protector-strong -malign-data=abi -Wall -fwrapv -I. 
 -DMKSH_BUILDSH -D_GNU_SOURCE -DSETUID_CAN_FAIL_WITH_EAGAIN -DHAVE_STRING_POOLING=2 -DHAVE_ATTRIBUTE_BOUNDED=0 -DHAVE_ATTRIBUTE_FORMAT=1 -DHAVE_ATTRIBUTE_NORETUR
N=1 -DHAVE_ATTRIBUTE_PURE=1 -DHAVE_ATTRIBUTE_UNUSED=1 -DHAVE_ATTRIBUTE_USED=1 -DHAVE_SYS_TIME_H=1 -DHAVE_TIME_H=1 -DHAVE_BOTH_TIME_H=1 -DHAVE_SYS_BSDTYPES_H=0 -D
HAVE_SYS_FILE_H=1 -DHAVE_SYS_MKDEV_H=0 -DHAVE_SYS_MMAN_H=1 -DHAVE_SYS_PARAM_H=1 -DHAVE_SYS_RESOURCE_H=1 -DHAVE_SYS_SELECT_H=1 -DHAVE_SYS_SYSMACROS_H=1 -DHAVE_BST
RING_H=0 -DHAVE_GRP_H=1 -DHAVE_IO_H=0 -DHAVE_LIBGEN_H=1 -DHAVE_LIBUTIL_H=0 -DHAVE_PATHS_H=1 -DHAVE_STDINT_H=1 -DHAVE_STRINGS_H=1 -DHAVE_TERMIOS_H=1 -DHAVE_ULIMIT
_H=1 -DHAVE_VALUES_H=1 -DHAVE_CAN_INTTYPES=1 -DHAVE_CAN_UCBINTS=1 -DHAVE_CAN_INT8TYPE=1 -DHAVE_CAN_UCBINT8=1 -DHAVE_RLIM_T=1 -DHAVE_SIG_T=1 -DHAVE_SYS_ERRLIST=1 
-DHAVE_SYS_SIGNAME=0 -DHAVE_SYS_SIGLIST=1 -DHAVE_FLOCK=1 -DHAVE_LOCK_FCNTL=1  -fno-lto -Wno-error conftest.c  || for _f in ${tcfn}*; do case $_f in *.1|*.ico) ;;
 *) rm -f "$_f" ;; esac; done
==> getrusage... yes
... getsid
$ cc  -O2 -fno-lto -Wno-deprecated-declarations -fno-asynchronous-unwind-tables -fno-strict-aliasing -fstack-protector-strong -malign-data=abi -Wall -fwrapv -I. 
 -DMKSH_BUILDSH -D_GNU_SOURCE -DSETUID_CAN_FAIL_WITH_EAGAIN -DHAVE_STRING_POOLING=2 -DHAVE_ATTRIBUTE_BOUNDED=0 -DHAVE_ATTRIBUTE_FORMAT=1 -DHAVE_ATTRIBUTE_NORETUR
N=1 -DHAVE_ATTRIBUTE_PURE=1 -DHAVE_ATTRIBUTE_UNUSED=1 -DHAVE_ATTRIBUTE_USED=1 -DHAVE_SYS_TIME_H=1 -DHAVE_TIME_H=1 -DHAVE_BOTH_TIME_H=1 -DHAVE_SYS_BSDTYPES_H=0 -D
HAVE_SYS_FILE_H=1 -DHAVE_SYS_MKDEV_H=0 -DHAVE_SYS_MMAN_H=1 -DHAVE_SYS_PARAM_H=1 -DHAVE_SYS_RESOURCE_H=1 -DHAVE_SYS_SELECT_H=1 -DHAVE_SYS_SYSMACROS_H=1 -DHAVE_BST
RING_H=0 -DHAVE_GRP_H=1 -DHAVE_IO_H=0 -DHAVE_LIBGEN_H=1 -DHAVE_LIBUTIL_H=0 -DHAVE_PATHS_H=1 -DHAVE_STDINT_H=1 -DHAVE_STRINGS_H=1 -DHAVE_TERMIOS_H=1 -DHAVE_ULIMIT
_H=1 -DHAVE_VALUES_H=1 -DHAVE_CAN_INTTYPES=1 -DHAVE_CAN_UCBINTS=1 -DHAVE_CAN_INT8TYPE=1 -DHAVE_CAN_UCBINT8=1 -DHAVE_RLIM_T=1 -DHAVE_SIG_T=1 -DHAVE_SYS_ERRLIST=1 
-DHAVE_SYS_SIGNAME=0 -DHAVE_SYS_SIGLIST=1 -DHAVE_FLOCK=1 -DHAVE_LOCK_FCNTL=1 -DHAVE_GETRUSAGE=1  -fno-lto -Wno-error conftest.c  || for _f in ${tcfn}*; do case $
_f in *.1|*.ico) ;; *) rm -f "$_f" ;; esac; done
==> getsid... yes
... gettimeofday
$ cc  -O2 -fno-lto -Wno-deprecated-declarations -fno-asynchronous-unwind-tables -fno-strict-aliasing -fstack-protector-strong -malign-data=abi -Wall -fwrapv -I. 
 -DMKSH_BUILDSH -D_GNU_SOURCE -DSETUID_CAN_FAIL_WITH_EAGAIN -DHAVE_STRING_POOLING=2 -DHAVE_ATTRIBUTE_BOUNDED=0 -DHAVE_ATTRIBUTE_FORMAT=1 -DHAVE_ATTRIBUTE_NORETUR
N=1 -DHAVE_ATTRIBUTE_PURE=1 -DHAVE_ATTRIBUTE_UNUSED=1 -DHAVE_ATTRIBUTE_USED=1 -DHAVE_SYS_TIME_H=1 -DHAVE_TIME_H=1 -DHAVE_BOTH_TIME_H=1 -DHAVE_SYS_BSDTYPES_H=0 -D
HAVE_SYS_FILE_H=1 -DHAVE_SYS_MKDEV_H=0 -DHAVE_SYS_MMAN_H=1 -DHAVE_SYS_PARAM_H=1 -DHAVE_SYS_RESOURCE_H=1 -DHAVE_SYS_SELECT_H=1 -DHAVE_SYS_SYSMACROS_H=1 -DHAVE_BST
RING_H=0 -DHAVE_GRP_H=1 -DHAVE_IO_H=0 -DHAVE_LIBGEN_H=1 -DHAVE_LIBUTIL_H=0 -DHAVE_PATHS_H=1 -DHAVE_STDINT_H=1 -DHAVE_STRINGS_H=1 -DHAVE_TERMIOS_H=1 -DHAVE_ULIMIT
_H=1 -DHAVE_VALUES_H=1 -DHAVE_CAN_INTTYPES=1 -DHAVE_CAN_UCBINTS=1 -DHAVE_CAN_INT8TYPE=1 -DHAVE_CAN_UCBINT8=1 -DHAVE_RLIM_T=1 -DHAVE_SIG_T=1 -DHAVE_SYS_ERRLIST=1 
-DHAVE_SYS_SIGNAME=0 -DHAVE_SYS_SIGLIST=1 -DHAVE_FLOCK=1 -DHAVE_LOCK_FCNTL=1 -DHAVE_GETRUSAGE=1 -DHAVE_GETSID=1  -fno-lto -Wno-error conftest.c  || for _f in ${t
cfn}*; do case $_f in *.1|*.ico) ;; *) rm -f "$_f" ;; esac; done
==> gettimeofday... yes
... killpg
$ cc  -O2 -fno-lto -Wno-deprecated-declarations -fno-asynchronous-unwind-tables -fno-strict-aliasing -fstack-protector-strong -malign-data=abi -Wall -fwrapv -I. 
 -DMKSH_BUILDSH -D_GNU_SOURCE -DSETUID_CAN_FAIL_WITH_EAGAIN -DHAVE_STRING_POOLING=2 -DHAVE_ATTRIBUTE_BOUNDED=0 -DHAVE_ATTRIBUTE_FORMAT=1 -DHAVE_ATTRIBUTE_NORETUR
N=1 -DHAVE_ATTRIBUTE_PURE=1 -DHAVE_ATTRIBUTE_UNUSED=1 -DHAVE_ATTRIBUTE_USED=1 -DHAVE_SYS_TIME_H=1 -DHAVE_TIME_H=1 -DHAVE_BOTH_TIME_H=1 -DHAVE_SYS_BSDTYPES_H=0 -D
HAVE_SYS_FILE_H=1 -DHAVE_SYS_MKDEV_H=0 -DHAVE_SYS_MMAN_H=1 -DHAVE_SYS_PARAM_H=1 -DHAVE_SYS_RESOURCE_H=1 -DHAVE_SYS_SELECT_H=1 -DHAVE_SYS_SYSMACROS_H=1 -DHAVE_BST
RING_H=0 -DHAVE_GRP_H=1 -DHAVE_IO_H=0 -DHAVE_LIBGEN_H=1 -DHAVE_LIBUTIL_H=0 -DHAVE_PATHS_H=1 -DHAVE_STDINT_H=1 -DHAVE_STRINGS_H=1 -DHAVE_TERMIOS_H=1 -DHAVE_ULIMIT
_H=1 -DHAVE_VALUES_H=1 -DHAVE_CAN_INTTYPES=1 -DHAVE_CAN_UCBINTS=1 -DHAVE_CAN_INT8TYPE=1 -DHAVE_CAN_UCBINT8=1 -DHAVE_RLIM_T=1 -DHAVE_SIG_T=1 -DHAVE_SYS_ERRLIST=1 
-DHAVE_SYS_SIGNAME=0 -DHAVE_SYS_SIGLIST=1 -DHAVE_FLOCK=1 -DHAVE_LOCK_FCNTL=1 -DHAVE_GETRUSAGE=1 -DHAVE_GETSID=1 -DHAVE_GETTIMEOFDAY=1  -fno-lto -Wno-error confte
st.c  || for _f in ${tcfn}*; do case $_f in *.1|*.ico) ;; *) rm -f "$_f" ;; esac; done
==> killpg... yes
... memmove
$ cc  -O2 -fno-lto -Wno-deprecated-declarations -fno-asynchronous-unwind-tables -fno-strict-aliasing -fstack-protector-strong -malign-data=abi -Wall -fwrapv -I. 
 -DMKSH_BUILDSH -D_GNU_SOURCE -DSETUID_CAN_FAIL_WITH_EAGAIN -DHAVE_STRING_POOLING=2 -DHAVE_ATTRIBUTE_BOUNDED=0 -DHAVE_ATTRIBUTE_FORMAT=1 -DHAVE_ATTRIBUTE_NORETUR
N=1 -DHAVE_ATTRIBUTE_PURE=1 -DHAVE_ATTRIBUTE_UNUSED=1 -DHAVE_ATTRIBUTE_USED=1 -DHAVE_SYS_TIME_H=1 -DHAVE_TIME_H=1 -DHAVE_BOTH_TIME_H=1 -DHAVE_SYS_BSDTYPES_H=0 -D
HAVE_SYS_FILE_H=1 -DHAVE_SYS_MKDEV_H=0 -DHAVE_SYS_MMAN_H=1 -DHAVE_SYS_PARAM_H=1 -DHAVE_SYS_RESOURCE_H=1 -DHAVE_SYS_SELECT_H=1 -DHAVE_SYS_SYSMACROS_H=1 -DHAVE_BST
RING_H=0 -DHAVE_GRP_H=1 -DHAVE_IO_H=0 -DHAVE_LIBGEN_H=1 -DHAVE_LIBUTIL_H=0 -DHAVE_PATHS_H=1 -DHAVE_STDINT_H=1 -DHAVE_STRINGS_H=1 -DHAVE_TERMIOS_H=1 -DHAVE_ULIMIT
_H=1 -DHAVE_VALUES_H=1 -DHAVE_CAN_INTTYPES=1 -DHAVE_CAN_UCBINTS=1 -DHAVE_CAN_INT8TYPE=1 -DHAVE_CAN_UCBINT8=1 -DHAVE_RLIM_T=1 -DHAVE_SIG_T=1 -DHAVE_SYS_ERRLIST=1 
-DHAVE_SYS_SIGNAME=0 -DHAVE_SYS_SIGLIST=1 -DHAVE_FLOCK=1 -DHAVE_LOCK_FCNTL=1 -DHAVE_GETRUSAGE=1 -DHAVE_GETSID=1 -DHAVE_GETTIMEOFDAY=1 -DHAVE_KILLPG=1  -fno-lto -
Wno-error conftest.c  || for _f in ${tcfn}*; do case $_f in *.1|*.ico) ;; *) rm -f "$_f" ;; esac; done
==> memmove... yes
==> if to use mknod(), makedev() and friends... no (cached)
... for mmap and munmap
$ cc  -O2 -fno-lto -Wno-deprecated-declarations -fno-asynchronous-unwind-tables -fno-strict-aliasing -fstack-protector-strong -malign-data=abi -Wall -fwrapv -I. 
 -DMKSH_BUILDSH -D_GNU_SOURCE -DSETUID_CAN_FAIL_WITH_EAGAIN -DHAVE_STRING_POOLING=2 -DHAVE_ATTRIBUTE_BOUNDED=0 -DHAVE_ATTRIBUTE_FORMAT=1 -DHAVE_ATTRIBUTE_NORETUR
N=1 -DHAVE_ATTRIBUTE_PURE=1 -DHAVE_ATTRIBUTE_UNUSED=1 -DHAVE_ATTRIBUTE_USED=1 -DHAVE_SYS_TIME_H=1 -DHAVE_TIME_H=1 -DHAVE_BOTH_TIME_H=1 -DHAVE_SYS_BSDTYPES_H=0 -D
HAVE_SYS_FILE_H=1 -DHAVE_SYS_MKDEV_H=0 -DHAVE_SYS_MMAN_H=1 -DHAVE_SYS_PARAM_H=1 -DHAVE_SYS_RESOURCE_H=1 -DHAVE_SYS_SELECT_H=1 -DHAVE_SYS_SYSMACROS_H=1 -DHAVE_BST
RING_H=0 -DHAVE_GRP_H=1 -DHAVE_IO_H=0 -DHAVE_LIBGEN_H=1 -DHAVE_LIBUTIL_H=0 -DHAVE_PATHS_H=1 -DHAVE_STDINT_H=1 -DHAVE_STRINGS_H=1 -DHAVE_TERMIOS_H=1 -DHAVE_ULIMIT
_H=1 -DHAVE_VALUES_H=1 -DHAVE_CAN_INTTYPES=1 -DHAVE_CAN_UCBINTS=1 -DHAVE_CAN_INT8TYPE=1 -DHAVE_CAN_UCBINT8=1 -DHAVE_RLIM_T=1 -DHAVE_SIG_T=1 -DHAVE_SYS_ERRLIST=1 
-DHAVE_SYS_SIGNAME=0 -DHAVE_SYS_SIGLIST=1 -DHAVE_FLOCK=1 -DHAVE_LOCK_FCNTL=1 -DHAVE_GETRUSAGE=1 -DHAVE_GETSID=1 -DHAVE_GETTIMEOFDAY=1 -DHAVE_KILLPG=1 -DHAVE_MEMM
OVE=1 -DHAVE_MKNOD=0  -fno-lto -Wno-error conftest.c  || for _f in ${tcfn}*; do case $_f in *.1|*.ico) ;; *) rm -f "$_f" ;; esac; done
==> for mmap and munmap... yes
... for ftruncate
$ cc  -O2 -fno-lto -Wno-deprecated-declarations -fno-asynchronous-unwind-tables -fno-strict-aliasing -fstack-protector-strong -malign-data=abi -Wall -fwrapv -I. 
 -DMKSH_BUILDSH -D_GNU_SOURCE -DSETUID_CAN_FAIL_WITH_EAGAIN -DHAVE_STRING_POOLING=2 -DHAVE_ATTRIBUTE_BOUNDED=0 -DHAVE_ATTRIBUTE_FORMAT=1 -DHAVE_ATTRIBUTE_NORETUR
N=1 -DHAVE_ATTRIBUTE_PURE=1 -DHAVE_ATTRIBUTE_UNUSED=1 -DHAVE_ATTRIBUTE_USED=1 -DHAVE_SYS_TIME_H=1 -DHAVE_TIME_H=1 -DHAVE_BOTH_TIME_H=1 -DHAVE_SYS_BSDTYPES_H=0 -D
HAVE_SYS_FILE_H=1 -DHAVE_SYS_MKDEV_H=0 -DHAVE_SYS_MMAN_H=1 -DHAVE_SYS_PARAM_H=1 -DHAVE_SYS_RESOURCE_H=1 -DHAVE_SYS_SELECT_H=1 -DHAVE_SYS_SYSMACROS_H=1 -DHAVE_BST
RING_H=0 -DHAVE_GRP_H=1 -DHAVE_IO_H=0 -DHAVE_LIBGEN_H=1 -DHAVE_LIBUTIL_H=0 -DHAVE_PATHS_H=1 -DHAVE_STDINT_H=1 -DHAVE_STRINGS_H=1 -DHAVE_TERMIOS_H=1 -DHAVE_ULIMIT
_H=1 -DHAVE_VALUES_H=1 -DHAVE_CAN_INTTYPES=1 -DHAVE_CAN_UCBINTS=1 -DHAVE_CAN_INT8TYPE=1 -DHAVE_CAN_UCBINT8=1 -DHAVE_RLIM_T=1 -DHAVE_SIG_T=1 -DHAVE_SYS_ERRLIST=1 
-DHAVE_SYS_SIGNAME=0 -DHAVE_SYS_SIGLIST=1 -DHAVE_FLOCK=1 -DHAVE_LOCK_FCNTL=1 -DHAVE_GETRUSAGE=1 -DHAVE_GETSID=1 -DHAVE_GETTIMEOFDAY=1 -DHAVE_KILLPG=1 -DHAVE_MEMM
OVE=1 -DHAVE_MKNOD=0 -DHAVE_MMAP=1  -fno-lto -Wno-error conftest.c  || for _f in ${tcfn}*; do case $_f in *.1|*.ico) ;; *) rm -f "$_f" ;; esac; done
==> for ftruncate... yes
... nice
$ cc  -O2 -fno-lto -Wno-deprecated-declarations -fno-asynchronous-unwind-tables -fno-strict-aliasing -fstack-protector-strong -malign-data=abi -Wall -fwrapv -I. 
 -DMKSH_BUILDSH -D_GNU_SOURCE -DSETUID_CAN_FAIL_WITH_EAGAIN -DHAVE_STRING_POOLING=2 -DHAVE_ATTRIBUTE_BOUNDED=0 -DHAVE_ATTRIBUTE_FORMAT=1 -DHAVE_ATTRIBUTE_NORETUR
N=1 -DHAVE_ATTRIBUTE_PURE=1 -DHAVE_ATTRIBUTE_UNUSED=1 -DHAVE_ATTRIBUTE_USED=1 -DHAVE_SYS_TIME_H=1 -DHAVE_TIME_H=1 -DHAVE_BOTH_TIME_H=1 -DHAVE_SYS_BSDTYPES_H=0 -D
HAVE_SYS_FILE_H=1 -DHAVE_SYS_MKDEV_H=0 -DHAVE_SYS_MMAN_H=1 -DHAVE_SYS_PARAM_H=1 -DHAVE_SYS_RESOURCE_H=1 -DHAVE_SYS_SELECT_H=1 -DHAVE_SYS_SYSMACROS_H=1 -DHAVE_BST
RING_H=0 -DHAVE_GRP_H=1 -DHAVE_IO_H=0 -DHAVE_LIBGEN_H=1 -DHAVE_LIBUTIL_H=0 -DHAVE_PATHS_H=1 -DHAVE_STDINT_H=1 -DHAVE_STRINGS_H=1 -DHAVE_TERMIOS_H=1 -DHAVE_ULIMIT
_H=1 -DHAVE_VALUES_H=1 -DHAVE_CAN_INTTYPES=1 -DHAVE_CAN_UCBINTS=1 -DHAVE_CAN_INT8TYPE=1 -DHAVE_CAN_UCBINT8=1 -DHAVE_RLIM_T=1 -DHAVE_SIG_T=1 -DHAVE_SYS_ERRLIST=1 
-DHAVE_SYS_SIGNAME=0 -DHAVE_SYS_SIGLIST=1 -DHAVE_FLOCK=1 -DHAVE_LOCK_FCNTL=1 -DHAVE_GETRUSAGE=1 -DHAVE_GETSID=1 -DHAVE_GETTIMEOFDAY=1 -DHAVE_KILLPG=1 -DHAVE_MEMM
OVE=1 -DHAVE_MKNOD=0 -DHAVE_MMAP=1 -DHAVE_FTRUNCATE=1  -fno-lto -Wno-error conftest.c  || for _f in ${tcfn}*; do case $_f in *.1|*.ico) ;; *) rm -f "$_f" ;; esac
; done
==> nice... yes
==> revoke... no (cached)
... setlocale(LC_CTYPE, "")
$ cc  -O2 -fno-lto -Wno-deprecated-declarations -fno-asynchronous-unwind-tables -fno-strict-aliasing -fstack-protector-strong -malign-data=abi -Wall -fwrapv -I. 
 -DMKSH_BUILDSH -D_GNU_SOURCE -DSETUID_CAN_FAIL_WITH_EAGAIN -DHAVE_STRING_POOLING=2 -DHAVE_ATTRIBUTE_BOUNDED=0 -DHAVE_ATTRIBUTE_FORMAT=1 -DHAVE_ATTRIBUTE_NORETUR
N=1 -DHAVE_ATTRIBUTE_PURE=1 -DHAVE_ATTRIBUTE_UNUSED=1 -DHAVE_ATTRIBUTE_USED=1 -DHAVE_SYS_TIME_H=1 -DHAVE_TIME_H=1 -DHAVE_BOTH_TIME_H=1 -DHAVE_SYS_BSDTYPES_H=0 -D
HAVE_SYS_FILE_H=1 -DHAVE_SYS_MKDEV_H=0 -DHAVE_SYS_MMAN_H=1 -DHAVE_SYS_PARAM_H=1 -DHAVE_SYS_RESOURCE_H=1 -DHAVE_SYS_SELECT_H=1 -DHAVE_SYS_SYSMACROS_H=1 -DHAVE_BST
RING_H=0 -DHAVE_GRP_H=1 -DHAVE_IO_H=0 -DHAVE_LIBGEN_H=1 -DHAVE_LIBUTIL_H=0 -DHAVE_PATHS_H=1 -DHAVE_STDINT_H=1 -DHAVE_STRINGS_H=1 -DHAVE_TERMIOS_H=1 -DHAVE_ULIMIT
_H=1 -DHAVE_VALUES_H=1 -DHAVE_CAN_INTTYPES=1 -DHAVE_CAN_UCBINTS=1 -DHAVE_CAN_INT8TYPE=1 -DHAVE_CAN_UCBINT8=1 -DHAVE_RLIM_T=1 -DHAVE_SIG_T=1 -DHAVE_SYS_ERRLIST=1 
-DHAVE_SYS_SIGNAME=0 -DHAVE_SYS_SIGLIST=1 -DHAVE_FLOCK=1 -DHAVE_LOCK_FCNTL=1 -DHAVE_GETRUSAGE=1 -DHAVE_GETSID=1 -DHAVE_GETTIMEOFDAY=1 -DHAVE_KILLPG=1 -DHAVE_MEMM
OVE=1 -DHAVE_MKNOD=0 -DHAVE_MMAP=1 -DHAVE_FTRUNCATE=1 -DHAVE_NICE=1 -DHAVE_REVOKE=0  -fno-lto -Wno-error conftest.c  || for _f in ${tcfn}*; do case $_f in *.1|*.
ico) ;; *) rm -f "$_f" ;; esac; done
==> setlocale(LC_CTYPE, "")... yes
... nl_langinfo(CODESET)
$ cc  -O2 -fno-lto -Wno-deprecated-declarations -fno-asynchronous-unwind-tables -fno-strict-aliasing -fstack-protector-strong -malign-data=abi -Wall -fwrapv -I. 
 -DMKSH_BUILDSH -D_GNU_SOURCE -DSETUID_CAN_FAIL_WITH_EAGAIN -DHAVE_STRING_POOLING=2 -DHAVE_ATTRIBUTE_BOUNDED=0 -DHAVE_ATTRIBUTE_FORMAT=1 -DHAVE_ATTRIBUTE_NORETUR
N=1 -DHAVE_ATTRIBUTE_PURE=1 -DHAVE_ATTRIBUTE_UNUSED=1 -DHAVE_ATTRIBUTE_USED=1 -DHAVE_SYS_TIME_H=1 -DHAVE_TIME_H=1 -DHAVE_BOTH_TIME_H=1 -DHAVE_SYS_BSDTYPES_H=0 -D
HAVE_SYS_FILE_H=1 -DHAVE_SYS_MKDEV_H=0 -DHAVE_SYS_MMAN_H=1 -DHAVE_SYS_PARAM_H=1 -DHAVE_SYS_RESOURCE_H=1 -DHAVE_SYS_SELECT_H=1 -DHAVE_SYS_SYSMACROS_H=1 -DHAVE_BST
RING_H=0 -DHAVE_GRP_H=1 -DHAVE_IO_H=0 -DHAVE_LIBGEN_H=1 -DHAVE_LIBUTIL_H=0 -DHAVE_PATHS_H=1 -DHAVE_STDINT_H=1 -DHAVE_STRINGS_H=1 -DHAVE_TERMIOS_H=1 -DHAVE_ULIMIT
_H=1 -DHAVE_VALUES_H=1 -DHAVE_CAN_INTTYPES=1 -DHAVE_CAN_UCBINTS=1 -DHAVE_CAN_INT8TYPE=1 -DHAVE_CAN_UCBINT8=1 -DHAVE_RLIM_T=1 -DHAVE_SIG_T=1 -DHAVE_SYS_ERRLIST=1 
-DHAVE_SYS_SIGNAME=0 -DHAVE_SYS_SIGLIST=1 -DHAVE_FLOCK=1 -DHAVE_LOCK_FCNTL=1 -DHAVE_GETRUSAGE=1 -DHAVE_GETSID=1 -DHAVE_GETTIMEOFDAY=1 -DHAVE_KILLPG=1 -DHAVE_MEMM
OVE=1 -DHAVE_MKNOD=0 -DHAVE_MMAP=1 -DHAVE_FTRUNCATE=1 -DHAVE_NICE=1 -DHAVE_REVOKE=0 -DHAVE_SETLOCALE_CTYPE=1  -fno-lto -Wno-error conftest.c  || for _f in ${tcfn
}*; do case $_f in *.1|*.ico) ;; *) rm -f "$_f" ;; esac; done
==> nl_langinfo(CODESET)... yes
... select
$ cc  -O2 -fno-lto -Wno-deprecated-declarations -fno-asynchronous-unwind-tables -fno-strict-aliasing -fstack-protector-strong -malign-data=abi -Wall -fwrapv -I. 
 -DMKSH_BUILDSH -D_GNU_SOURCE -DSETUID_CAN_FAIL_WITH_EAGAIN -DHAVE_STRING_POOLING=2 -DHAVE_ATTRIBUTE_BOUNDED=0 -DHAVE_ATTRIBUTE_FORMAT=1 -DHAVE_ATTRIBUTE_NORETUR
N=1 -DHAVE_ATTRIBUTE_PURE=1 -DHAVE_ATTRIBUTE_UNUSED=1 -DHAVE_ATTRIBUTE_USED=1 -DHAVE_SYS_TIME_H=1 -DHAVE_TIME_H=1 -DHAVE_BOTH_TIME_H=1 -DHAVE_SYS_BSDTYPES_H=0 -D
HAVE_SYS_FILE_H=1 -DHAVE_SYS_MKDEV_H=0 -DHAVE_SYS_MMAN_H=1 -DHAVE_SYS_PARAM_H=1 -DHAVE_SYS_RESOURCE_H=1 -DHAVE_SYS_SELECT_H=1 -DHAVE_SYS_SYSMACROS_H=1 -DHAVE_BST
RING_H=0 -DHAVE_GRP_H=1 -DHAVE_IO_H=0 -DHAVE_LIBGEN_H=1 -DHAVE_LIBUTIL_H=0 -DHAVE_PATHS_H=1 -DHAVE_STDINT_H=1 -DHAVE_STRINGS_H=1 -DHAVE_TERMIOS_H=1 -DHAVE_ULIMIT
_H=1 -DHAVE_VALUES_H=1 -DHAVE_CAN_INTTYPES=1 -DHAVE_CAN_UCBINTS=1 -DHAVE_CAN_INT8TYPE=1 -DHAVE_CAN_UCBINT8=1 -DHAVE_RLIM_T=1 -DHAVE_SIG_T=1 -DHAVE_SYS_ERRLIST=1 
-DHAVE_SYS_SIGNAME=0 -DHAVE_SYS_SIGLIST=1 -DHAVE_FLOCK=1 -DHAVE_LOCK_FCNTL=1 -DHAVE_GETRUSAGE=1 -DHAVE_GETSID=1 -DHAVE_GETTIMEOFDAY=1 -DHAVE_KILLPG=1 -DHAVE_MEMM
OVE=1 -DHAVE_MKNOD=0 -DHAVE_MMAP=1 -DHAVE_FTRUNCATE=1 -DHAVE_NICE=1 -DHAVE_REVOKE=0 -DHAVE_SETLOCALE_CTYPE=1 -DHAVE_LANGINFO_CODESET=1  -fno-lto -Wno-error conft
est.c  || for _f in ${tcfn}*; do case $_f in *.1|*.ico) ;; *) rm -f "$_f" ;; esac; done
==> select... yes
... setresugid
$ cc  -O2 -fno-lto -Wno-deprecated-declarations -fno-asynchronous-unwind-tables -fno-strict-aliasing -fstack-protector-strong -malign-data=abi -Wall -fwrapv -I. 
 -DMKSH_BUILDSH -D_GNU_SOURCE -DSETUID_CAN_FAIL_WITH_EAGAIN -DHAVE_STRING_POOLING=2 -DHAVE_ATTRIBUTE_BOUNDED=0 -DHAVE_ATTRIBUTE_FORMAT=1 -DHAVE_ATTRIBUTE_NORETUR
N=1 -DHAVE_ATTRIBUTE_PURE=1 -DHAVE_ATTRIBUTE_UNUSED=1 -DHAVE_ATTRIBUTE_USED=1 -DHAVE_SYS_TIME_H=1 -DHAVE_TIME_H=1 -DHAVE_BOTH_TIME_H=1 -DHAVE_SYS_BSDTYPES_H=0 -D
HAVE_SYS_FILE_H=1 -DHAVE_SYS_MKDEV_H=0 -DHAVE_SYS_MMAN_H=1 -DHAVE_SYS_PARAM_H=1 -DHAVE_SYS_RESOURCE_H=1 -DHAVE_SYS_SELECT_H=1 -DHAVE_SYS_SYSMACROS_H=1 -DHAVE_BST
RING_H=0 -DHAVE_GRP_H=1 -DHAVE_IO_H=0 -DHAVE_LIBGEN_H=1 -DHAVE_LIBUTIL_H=0 -DHAVE_PATHS_H=1 -DHAVE_STDINT_H=1 -DHAVE_STRINGS_H=1 -DHAVE_TERMIOS_H=1 -DHAVE_ULIMIT
_H=1 -DHAVE_VALUES_H=1 -DHAVE_CAN_INTTYPES=1 -DHAVE_CAN_UCBINTS=1 -DHAVE_CAN_INT8TYPE=1 -DHAVE_CAN_UCBINT8=1 -DHAVE_RLIM_T=1 -DHAVE_SIG_T=1 -DHAVE_SYS_ERRLIST=1 
-DHAVE_SYS_SIGNAME=0 -DHAVE_SYS_SIGLIST=1 -DHAVE_FLOCK=1 -DHAVE_LOCK_FCNTL=1 -DHAVE_GETRUSAGE=1 -DHAVE_GETSID=1 -DHAVE_GETTIMEOFDAY=1 -DHAVE_KILLPG=1 -DHAVE_MEMM
OVE=1 -DHAVE_MKNOD=0 -DHAVE_MMAP=1 -DHAVE_FTRUNCATE=1 -DHAVE_NICE=1 -DHAVE_REVOKE=0 -DHAVE_SETLOCALE_CTYPE=1 -DHAVE_LANGINFO_CODESET=1 -DHAVE_SELECT=1  -fno-lto 
-Wno-error conftest.c  || for _f in ${tcfn}*; do case $_f in *.1|*.ico) ;; *) rm -f "$_f" ;; esac; done
==> setresugid... yes
... setgroups
$ cc  -O2 -fno-lto -Wno-deprecated-declarations -fno-asynchronous-unwind-tables -fno-strict-aliasing -fstack-protector-strong -malign-data=abi -Wall -fwrapv -I. 
 -DMKSH_BUILDSH -D_GNU_SOURCE -DSETUID_CAN_FAIL_WITH_EAGAIN -DHAVE_STRING_POOLING=2 -DHAVE_ATTRIBUTE_BOUNDED=0 -DHAVE_ATTRIBUTE_FORMAT=1 -DHAVE_ATTRIBUTE_NORETUR
N=1 -DHAVE_ATTRIBUTE_PURE=1 -DHAVE_ATTRIBUTE_UNUSED=1 -DHAVE_ATTRIBUTE_USED=1 -DHAVE_SYS_TIME_H=1 -DHAVE_TIME_H=1 -DHAVE_BOTH_TIME_H=1 -DHAVE_SYS_BSDTYPES_H=0 -D
HAVE_SYS_FILE_H=1 -DHAVE_SYS_MKDEV_H=0 -DHAVE_SYS_MMAN_H=1 -DHAVE_SYS_PARAM_H=1 -DHAVE_SYS_RESOURCE_H=1 -DHAVE_SYS_SELECT_H=1 -DHAVE_SYS_SYSMACROS_H=1 -DHAVE_BST
RING_H=0 -DHAVE_GRP_H=1 -DHAVE_IO_H=0 -DHAVE_LIBGEN_H=1 -DHAVE_LIBUTIL_H=0 -DHAVE_PATHS_H=1 -DHAVE_STDINT_H=1 -DHAVE_STRINGS_H=1 -DHAVE_TERMIOS_H=1 -DHAVE_ULIMIT
_H=1 -DHAVE_VALUES_H=1 -DHAVE_CAN_INTTYPES=1 -DHAVE_CAN_UCBINTS=1 -DHAVE_CAN_INT8TYPE=1 -DHAVE_CAN_UCBINT8=1 -DHAVE_RLIM_T=1 -DHAVE_SIG_T=1 -DHAVE_SYS_ERRLIST=1 
-DHAVE_SYS_SIGNAME=0 -DHAVE_SYS_SIGLIST=1 -DHAVE_FLOCK=1 -DHAVE_LOCK_FCNTL=1 -DHAVE_GETRUSAGE=1 -DHAVE_GETSID=1 -DHAVE_GETTIMEOFDAY=1 -DHAVE_KILLPG=1 -DHAVE_MEMM
OVE=1 -DHAVE_MKNOD=0 -DHAVE_MMAP=1 -DHAVE_FTRUNCATE=1 -DHAVE_NICE=1 -DHAVE_REVOKE=0 -DHAVE_SETLOCALE_CTYPE=1 -DHAVE_LANGINFO_CODESET=1 -DHAVE_SELECT=1 -DHAVE_SET
RESUGID=1  -fno-lto -Wno-error conftest.c  || for _f in ${tcfn}*; do case $_f in *.1|*.ico) ;; *) rm -f "$_f" ;; esac; done
==> setgroups... yes
==> strerror... no (implied)
==> strsignal... no (implied)
... strlcpy
$ cc  -O2 -fno-lto -Wno-deprecated-declarations -fno-asynchronous-unwind-tables -fno-strict-aliasing -fstack-protector-strong -malign-data=abi -Wall -fwrapv -I. 
 -DMKSH_BUILDSH -D_GNU_SOURCE -DSETUID_CAN_FAIL_WITH_EAGAIN -DHAVE_STRING_POOLING=2 -DHAVE_ATTRIBUTE_BOUNDED=0 -DHAVE_ATTRIBUTE_FORMAT=1 -DHAVE_ATTRIBUTE_NORETUR
N=1 -DHAVE_ATTRIBUTE_PURE=1 -DHAVE_ATTRIBUTE_UNUSED=1 -DHAVE_ATTRIBUTE_USED=1 -DHAVE_SYS_TIME_H=1 -DHAVE_TIME_H=1 -DHAVE_BOTH_TIME_H=1 -DHAVE_SYS_BSDTYPES_H=0 -D
HAVE_SYS_FILE_H=1 -DHAVE_SYS_MKDEV_H=0 -DHAVE_SYS_MMAN_H=1 -DHAVE_SYS_PARAM_H=1 -DHAVE_SYS_RESOURCE_H=1 -DHAVE_SYS_SELECT_H=1 -DHAVE_SYS_SYSMACROS_H=1 -DHAVE_BST
RING_H=0 -DHAVE_GRP_H=1 -DHAVE_IO_H=0 -DHAVE_LIBGEN_H=1 -DHAVE_LIBUTIL_H=0 -DHAVE_PATHS_H=1 -DHAVE_STDINT_H=1 -DHAVE_STRINGS_H=1 -DHAVE_TERMIOS_H=1 -DHAVE_ULIMIT
_H=1 -DHAVE_VALUES_H=1 -DHAVE_CAN_INTTYPES=1 -DHAVE_CAN_UCBINTS=1 -DHAVE_CAN_INT8TYPE=1 -DHAVE_CAN_UCBINT8=1 -DHAVE_RLIM_T=1 -DHAVE_SIG_T=1 -DHAVE_SYS_ERRLIST=1 
-DHAVE_SYS_SIGNAME=0 -DHAVE_SYS_SIGLIST=1 -DHAVE_FLOCK=1 -DHAVE_LOCK_FCNTL=1 -DHAVE_GETRUSAGE=1 -DHAVE_GETSID=1 -DHAVE_GETTIMEOFDAY=1 -DHAVE_KILLPG=1 -DHAVE_MEMM
OVE=1 -DHAVE_MKNOD=0 -DHAVE_MMAP=1 -DHAVE_FTRUNCATE=1 -DHAVE_NICE=1 -DHAVE_REVOKE=0 -DHAVE_SETLOCALE_CTYPE=1 -DHAVE_LANGINFO_CODESET=1 -DHAVE_SELECT=1 -DHAVE_SET
RESUGID=1 -DHAVE_SETGROUPS=1 -DHAVE_STRERROR=0 -DHAVE_STRSIGNAL=0  -fno-lto -Wno-error conftest.c  || for _f in ${tcfn}*; do case $_f in *.1|*.ico) ;; *) rm -f "
$_f" ;; esac; done
] conftest.c: In function 'main':
] conftest.c:2:40: warning: implicit declaration of function 'strlcpy'; did you mean 'strncpy'? [-Wimplicit-function-declaration]
]     2 | int main(int ac, char *av[]) { return (strlcpy(*av, av[1],
]       |                                        ^~~~~~~
]       |                                        strncpy
] /usr/bin/ld: /tmp/cc5x4GXN.o: in function `main':
] conftest.c:(.text.startup+0x14): undefined reference to `strlcpy'
] collect2: error: ld returned 1 exit status
==> strlcpy... no
... for declaration of flock()
$ cc  -O2 -fno-lto -Wno-deprecated-declarations -fno-asynchronous-unwind-tables -fno-strict-aliasing -fstack-protector-strong -malign-data=abi -Wall -fwrapv -I. 
 -DMKSH_BUILDSH -D_GNU_SOURCE -DSETUID_CAN_FAIL_WITH_EAGAIN -DHAVE_STRING_POOLING=2 -DHAVE_ATTRIBUTE_BOUNDED=0 -DHAVE_ATTRIBUTE_FORMAT=1 -DHAVE_ATTRIBUTE_NORETUR
N=1 -DHAVE_ATTRIBUTE_PURE=1 -DHAVE_ATTRIBUTE_UNUSED=1 -DHAVE_ATTRIBUTE_USED=1 -DHAVE_SYS_TIME_H=1 -DHAVE_TIME_H=1 -DHAVE_BOTH_TIME_H=1 -DHAVE_SYS_BSDTYPES_H=0 -D
HAVE_SYS_FILE_H=1 -DHAVE_SYS_MKDEV_H=0 -DHAVE_SYS_MMAN_H=1 -DHAVE_SYS_PARAM_H=1 -DHAVE_SYS_RESOURCE_H=1 -DHAVE_SYS_SELECT_H=1 -DHAVE_SYS_SYSMACROS_H=1 -DHAVE_BST
RING_H=0 -DHAVE_GRP_H=1 -DHAVE_IO_H=0 -DHAVE_LIBGEN_H=1 -DHAVE_LIBUTIL_H=0 -DHAVE_PATHS_H=1 -DHAVE_STDINT_H=1 -DHAVE_STRINGS_H=1 -DHAVE_TERMIOS_H=1 -DHAVE_ULIMIT
_H=1 -DHAVE_VALUES_H=1 -DHAVE_CAN_INTTYPES=1 -DHAVE_CAN_UCBINTS=1 -DHAVE_CAN_INT8TYPE=1 -DHAVE_CAN_UCBINT8=1 -DHAVE_RLIM_T=1 -DHAVE_SIG_T=1 -DHAVE_SYS_ERRLIST=1 
-DHAVE_SYS_SIGNAME=0 -DHAVE_SYS_SIGLIST=1 -DHAVE_FLOCK=1 -DHAVE_LOCK_FCNTL=1 -DHAVE_GETRUSAGE=1 -DHAVE_GETSID=1 -DHAVE_GETTIMEOFDAY=1 -DHAVE_KILLPG=1 -DHAVE_MEMM
OVE=1 -DHAVE_MKNOD=0 -DHAVE_MMAP=1 -DHAVE_FTRUNCATE=1 -DHAVE_NICE=1 -DHAVE_REVOKE=0 -DHAVE_SETLOCALE_CTYPE=1 -DHAVE_LANGINFO_CODESET=1 -DHAVE_SELECT=1 -DHAVE_SET
RESUGID=1 -DHAVE_SETGROUPS=1 -DHAVE_STRERROR=0 -DHAVE_STRSIGNAL=0 -DHAVE_STRLCPY=0  -fno-lto -Wno-error conftest.c  || for _f in ${tcfn}*; do case $_f in *.1|*.i
co) ;; *) rm -f "$_f" ;; esac; done
==> for declaration of flock()... yes
==> for declaration of revoke()... yes (implied)
... for declaration of sys_errlist[] and sys_nerr
$ cc  -O2 -fno-lto -Wno-deprecated-declarations -fno-asynchronous-unwind-tables -fno-strict-aliasing -fstack-protector-strong -malign-data=abi -Wall -fwrapv -I. 
 -DMKSH_BUILDSH -D_GNU_SOURCE -DSETUID_CAN_FAIL_WITH_EAGAIN -DHAVE_STRING_POOLING=2 -DHAVE_ATTRIBUTE_BOUNDED=0 -DHAVE_ATTRIBUTE_FORMAT=1 -DHAVE_ATTRIBUTE_NORETUR
N=1 -DHAVE_ATTRIBUTE_PURE=1 -DHAVE_ATTRIBUTE_UNUSED=1 -DHAVE_ATTRIBUTE_USED=1 -DHAVE_SYS_TIME_H=1 -DHAVE_TIME_H=1 -DHAVE_BOTH_TIME_H=1 -DHAVE_SYS_BSDTYPES_H=0 -D
HAVE_SYS_FILE_H=1 -DHAVE_SYS_MKDEV_H=0 -DHAVE_SYS_MMAN_H=1 -DHAVE_SYS_PARAM_H=1 -DHAVE_SYS_RESOURCE_H=1 -DHAVE_SYS_SELECT_H=1 -DHAVE_SYS_SYSMACROS_H=1 -DHAVE_BST
RING_H=0 -DHAVE_GRP_H=1 -DHAVE_IO_H=0 -DHAVE_LIBGEN_H=1 -DHAVE_LIBUTIL_H=0 -DHAVE_PATHS_H=1 -DHAVE_STDINT_H=1 -DHAVE_STRINGS_H=1 -DHAVE_TERMIOS_H=1 -DHAVE_ULIMIT
_H=1 -DHAVE_VALUES_H=1 -DHAVE_CAN_INTTYPES=1 -DHAVE_CAN_UCBINTS=1 -DHAVE_CAN_INT8TYPE=1 -DHAVE_CAN_UCBINT8=1 -DHAVE_RLIM_T=1 -DHAVE_SIG_T=1 -DHAVE_SYS_ERRLIST=1 
-DHAVE_SYS_SIGNAME=0 -DHAVE_SYS_SIGLIST=1 -DHAVE_FLOCK=1 -DHAVE_LOCK_FCNTL=1 -DHAVE_GETRUSAGE=1 -DHAVE_GETSID=1 -DHAVE_GETTIMEOFDAY=1 -DHAVE_KILLPG=1 -DHAVE_MEMM
OVE=1 -DHAVE_MKNOD=0 -DHAVE_MMAP=1 -DHAVE_FTRUNCATE=1 -DHAVE_NICE=1 -DHAVE_REVOKE=0 -DHAVE_SETLOCALE_CTYPE=1 -DHAVE_LANGINFO_CODESET=1 -DHAVE_SELECT=1 -DHAVE_SET
RESUGID=1 -DHAVE_SETGROUPS=1 -DHAVE_STRERROR=0 -DHAVE_STRSIGNAL=0 -DHAVE_STRLCPY=0 -DHAVE_FLOCK_DECL=1 -DHAVE_REVOKE_DECL=1  -fno-lto -Wno-error conftest.c  || f
or _f in ${tcfn}*; do case $_f in *.1|*.ico) ;; *) rm -f "$_f" ;; esac; done
] /usr/bin/ld: /tmp/cc3f73Ol.o: in function `main':
] conftest.c:(.text.startup+0xd): warning: `sys_errlist' is deprecated; use `strerror' or `strerror_r' instead
] /usr/bin/ld: conftest.c:(.text.startup+0x6): warning: `sys_nerr' is deprecated; use `strerror' or `strerror_r' instead
==> for declaration of sys_errlist[] and sys_nerr... yes
... for declaration of sys_siglist[]
$ cc  -O2 -fno-lto -Wno-deprecated-declarations -fno-asynchronous-unwind-tables -fno-strict-aliasing -fstack-protector-strong -malign-data=abi -Wall -fwrapv -I. 
 -DMKSH_BUILDSH -D_GNU_SOURCE -DSETUID_CAN_FAIL_WITH_EAGAIN -DHAVE_STRING_POOLING=2 -DHAVE_ATTRIBUTE_BOUNDED=0 -DHAVE_ATTRIBUTE_FORMAT=1 -DHAVE_ATTRIBUTE_NORETUR
N=1 -DHAVE_ATTRIBUTE_PURE=1 -DHAVE_ATTRIBUTE_UNUSED=1 -DHAVE_ATTRIBUTE_USED=1 -DHAVE_SYS_TIME_H=1 -DHAVE_TIME_H=1 -DHAVE_BOTH_TIME_H=1 -DHAVE_SYS_BSDTYPES_H=0 -D
HAVE_SYS_FILE_H=1 -DHAVE_SYS_MKDEV_H=0 -DHAVE_SYS_MMAN_H=1 -DHAVE_SYS_PARAM_H=1 -DHAVE_SYS_RESOURCE_H=1 -DHAVE_SYS_SELECT_H=1 -DHAVE_SYS_SYSMACROS_H=1 -DHAVE_BST
RING_H=0 -DHAVE_GRP_H=1 -DHAVE_IO_H=0 -DHAVE_LIBGEN_H=1 -DHAVE_LIBUTIL_H=0 -DHAVE_PATHS_H=1 -DHAVE_STDINT_H=1 -DHAVE_STRINGS_H=1 -DHAVE_TERMIOS_H=1 -DHAVE_ULIMIT
_H=1 -DHAVE_VALUES_H=1 -DHAVE_CAN_INTTYPES=1 -DHAVE_CAN_UCBINTS=1 -DHAVE_CAN_INT8TYPE=1 -DHAVE_CAN_UCBINT8=1 -DHAVE_RLIM_T=1 -DHAVE_SIG_T=1 -DHAVE_SYS_ERRLIST=1 
-DHAVE_SYS_SIGNAME=0 -DHAVE_SYS_SIGLIST=1 -DHAVE_FLOCK=1 -DHAVE_LOCK_FCNTL=1 -DHAVE_GETRUSAGE=1 -DHAVE_GETSID=1 -DHAVE_GETTIMEOFDAY=1 -DHAVE_KILLPG=1 -DHAVE_MEMM
OVE=1 -DHAVE_MKNOD=0 -DHAVE_MMAP=1 -DHAVE_FTRUNCATE=1 -DHAVE_NICE=1 -DHAVE_REVOKE=0 -DHAVE_SETLOCALE_CTYPE=1 -DHAVE_LANGINFO_CODESET=1 -DHAVE_SELECT=1 -DHAVE_SET
RESUGID=1 -DHAVE_SETGROUPS=1 -DHAVE_STRERROR=0 -DHAVE_STRSIGNAL=0 -DHAVE_STRLCPY=0 -DHAVE_FLOCK_DECL=1 -DHAVE_REVOKE_DECL=1 -DHAVE_SYS_ERRLIST_DECL=1  -fno-lto -
Wno-error conftest.c  || for _f in ${tcfn}*; do case $_f in *.1|*.ico) ;; *) rm -f "$_f" ;; esac; done
==> for declaration of sys_siglist[]... yes
==> if to use persistent history... yes
... checking if the C Preprocessor supports -dD
$ cc -E  -O2 -fno-lto -Wno-deprecated-declarations -fno-asynchronous-unwind-tables -fno-strict-aliasing -fstack-protector-strong -malign-data=abi -Wall -fwrapv -
I.  -DMKSH_BUILDSH -D_GNU_SOURCE -DSETUID_CAN_FAIL_WITH_EAGAIN -DHAVE_STRING_POOLING=2 -DHAVE_ATTRIBUTE_BOUNDED=0 -DHAVE_ATTRIBUTE_FORMAT=1 -DHAVE_ATTRIBUTE_NORE
TURN=1 -DHAVE_ATTRIBUTE_PURE=1 -DHAVE_ATTRIBUTE_UNUSED=1 -DHAVE_ATTRIBUTE_USED=1 -DHAVE_SYS_TIME_H=1 -DHAVE_TIME_H=1 -DHAVE_BOTH_TIME_H=1 -DHAVE_SYS_BSDTYPES_H=0
 -DHAVE_SYS_FILE_H=1 -DHAVE_SYS_MKDEV_H=0 -DHAVE_SYS_MMAN_H=1 -DHAVE_SYS_PARAM_H=1 -DHAVE_SYS_RESOURCE_H=1 -DHAVE_SYS_SELECT_H=1 -DHAVE_SYS_SYSMACROS_H=1 -DHAVE_
BSTRING_H=0 -DHAVE_GRP_H=1 -DHAVE_IO_H=0 -DHAVE_LIBGEN_H=1 -DHAVE_LIBUTIL_H=0 -DHAVE_PATHS_H=1 -DHAVE_STDINT_H=1 -DHAVE_STRINGS_H=1 -DHAVE_TERMIOS_H=1 -DHAVE_ULI
MIT_H=1 -DHAVE_VALUES_H=1 -DHAVE_CAN_INTTYPES=1 -DHAVE_CAN_UCBINTS=1 -DHAVE_CAN_INT8TYPE=1 -DHAVE_CAN_UCBINT8=1 -DHAVE_RLIM_T=1 -DHAVE_SIG_T=1 -DHAVE_SYS_ERRLIST
=1 -DHAVE_SYS_SIGNAME=0 -DHAVE_SYS_SIGLIST=1 -DHAVE_FLOCK=1 -DHAVE_LOCK_FCNTL=1 -DHAVE_GETRUSAGE=1 -DHAVE_GETSID=1 -DHAVE_GETTIMEOFDAY=1 -DHAVE_KILLPG=1 -DHAVE_M
EMMOVE=1 -DHAVE_MKNOD=0 -DHAVE_MMAP=1 -DHAVE_FTRUNCATE=1 -DHAVE_NICE=1 -DHAVE_REVOKE=0 -DHAVE_SETLOCALE_CTYPE=1 -DHAVE_LANGINFO_CODESET=1 -DHAVE_SELECT=1 -DHAVE_
SETRESUGID=1 -DHAVE_SETGROUPS=1 -DHAVE_STRERROR=0 -DHAVE_STRSIGNAL=0 -DHAVE_STRLCPY=0 -DHAVE_FLOCK_DECL=1 -DHAVE_REVOKE_DECL=1 -DHAVE_SYS_ERRLIST_DECL=1 -DHAVE_S
YS_SIGLIST_DECL=1 -DHAVE_PERSISTENT_HISTORY=1 -Wno-error -dD conftest.c >x
==> checking if the C Preprocessor supports -dD... yes
... done.
Generating list of signal names...
NSIG=65 ... ABRT=6 FPE=8 ILL=4 INT=2 SEGV=11 TERM=15 ALRM=14 BUS=7 CHLD=17 CONT=18 HUP=1 KILL=9 PIPE=13 QUIT=3 STOP=19 TSTP=20 TTIN=21 TTOU=22 USR1=10 USR2=12 PO
LL=29 PROF=27 SYS=31 TRAP=5 URG=23 VTALRM=26 XCPU=24 XFSZ=25 WINCH=28 PWR=30 STKFLT=16 done.
Build.sh: Finished configuration testing, now producing output.
+ Running genopt on 'rlimits.opt'...
+ Running genopt on 'sh_flags.opt'...
cc  -O2 -fno-lto -Wno-deprecated-declarations -fno-asynchronous-unwind-tables -fno-strict-aliasing -fstack-protector-strong -malign-data=abi -Wall -fwrapv -I.  -
DMKSH_BUILDSH -D_GNU_SOURCE -DSETUID_CAN_FAIL_WITH_EAGAIN -DHAVE_STRING_POOLING=2 -DHAVE_ATTRIBUTE_BOUNDED=0 -DHAVE_ATTRIBUTE_FORMAT=1 -DHAVE_ATTRIBUTE_NORETURN=
1 -DHAVE_ATTRIBUTE_PURE=1 -DHAVE_ATTRIBUTE_UNUSED=1 -DHAVE_ATTRIBUTE_USED=1 -DHAVE_SYS_TIME_H=1 -DHAVE_TIME_H=1 -DHAVE_BOTH_TIME_H=1 -DHAVE_SYS_BSDTYPES_H=0 -DHA
VE_SYS_FILE_H=1 -DHAVE_SYS_MKDEV_H=0 -DHAVE_SYS_MMAN_H=1 -DHAVE_SYS_PARAM_H=1 -DHAVE_SYS_RESOURCE_H=1 -DHAVE_SYS_SELECT_H=1 -DHAVE_SYS_SYSMACROS_H=1 -DHAVE_BSTRI
NG_H=0 -DHAVE_GRP_H=1 -DHAVE_IO_H=0 -DHAVE_LIBGEN_H=1 -DHAVE_LIBUTIL_H=0 -DHAVE_PATHS_H=1 -DHAVE_STDINT_H=1 -DHAVE_STRINGS_H=1 -DHAVE_TERMIOS_H=1 -DHAVE_ULIMIT_H
=1 -DHAVE_VALUES_H=1 -DHAVE_CAN_INTTYPES=1 -DHAVE_CAN_UCBINTS=1 -DHAVE_CAN_INT8TYPE=1 -DHAVE_CAN_UCBINT8=1 -DHAVE_RLIM_T=1 -DHAVE_SIG_T=1 -DHAVE_SYS_ERRLIST=1 -D
HAVE_SYS_SIGNAME=0 -DHAVE_SYS_SIGLIST=1 -DHAVE_FLOCK=1 -DHAVE_LOCK_FCNTL=1 -DHAVE_GETRUSAGE=1 -DHAVE_GETSID=1 -DHAVE_GETTIMEOFDAY=1 -DHAVE_KILLPG=1 -DHAVE_MEMMOV
E=1 -DHAVE_MKNOD=0 -DHAVE_MMAP=1 -DHAVE_FTRUNCATE=1 -DHAVE_NICE=1 -DHAVE_REVOKE=0 -DHAVE_SETLOCALE_CTYPE=1 -DHAVE_LANGINFO_CODESET=1 -DHAVE_SELECT=1 -DHAVE_SETRE
SUGID=1 -DHAVE_SETGROUPS=1 -DHAVE_STRERROR=0 -DHAVE_STRSIGNAL=0 -DHAVE_STRLCPY=0 -DHAVE_FLOCK_DECL=1 -DHAVE_REVOKE_DECL=1 -DHAVE_SYS_ERRLIST_DECL=1 -DHAVE_SYS_SI
GLIST_DECL=1 -DHAVE_PERSISTENT_HISTORY=1 -DMKSH_BUILD_R=571 -c lalloc.c
cc  -O2 -fno-lto -Wno-deprecated-declarations -fno-asynchronous-unwind-tables -fno-strict-aliasing -fstack-protector-strong -malign-data=abi -Wall -fwrapv -I.  -
DMKSH_BUILDSH -D_GNU_SOURCE -DSETUID_CAN_FAIL_WITH_EAGAIN -DHAVE_STRING_POOLING=2 -DHAVE_ATTRIBUTE_BOUNDED=0 -DHAVE_ATTRIBUTE_FORMAT=1 -DHAVE_ATTRIBUTE_NORETURN=
1 -DHAVE_ATTRIBUTE_PURE=1 -DHAVE_ATTRIBUTE_UNUSED=1 -DHAVE_ATTRIBUTE_USED=1 -DHAVE_SYS_TIME_H=1 -DHAVE_TIME_H=1 -DHAVE_BOTH_TIME_H=1 -DHAVE_SYS_BSDTYPES_H=0 -DHA
VE_SYS_FILE_H=1 -DHAVE_SYS_MKDEV_H=0 -DHAVE_SYS_MMAN_H=1 -DHAVE_SYS_PARAM_H=1 -DHAVE_SYS_RESOURCE_H=1 -DHAVE_SYS_SELECT_H=1 -DHAVE_SYS_SYSMACROS_H=1 -DHAVE_BSTRI
NG_H=0 -DHAVE_GRP_H=1 -DHAVE_IO_H=0 -DHAVE_LIBGEN_H=1 -DHAVE_LIBUTIL_H=0 -DHAVE_PATHS_H=1 -DHAVE_STDINT_H=1 -DHAVE_STRINGS_H=1 -DHAVE_TERMIOS_H=1 -DHAVE_ULIMIT_H
=1 -DHAVE_VALUES_H=1 -DHAVE_CAN_INTTYPES=1 -DHAVE_CAN_UCBINTS=1 -DHAVE_CAN_INT8TYPE=1 -DHAVE_CAN_UCBINT8=1 -DHAVE_RLIM_T=1 -DHAVE_SIG_T=1 -DHAVE_SYS_ERRLIST=1 -D
HAVE_SYS_SIGNAME=0 -DHAVE_SYS_SIGLIST=1 -DHAVE_FLOCK=1 -DHAVE_LOCK_FCNTL=1 -DHAVE_GETRUSAGE=1 -DHAVE_GETSID=1 -DHAVE_GETTIMEOFDAY=1 -DHAVE_KILLPG=1 -DHAVE_MEMMOV
E=1 -DHAVE_MKNOD=0 -DHAVE_MMAP=1 -DHAVE_FTRUNCATE=1 -DHAVE_NICE=1 -DHAVE_REVOKE=0 -DHAVE_SETLOCALE_CTYPE=1 -DHAVE_LANGINFO_CODESET=1 -DHAVE_SELECT=1 -DHAVE_SETRE
SUGID=1 -DHAVE_SETGROUPS=1 -DHAVE_STRERROR=0 -DHAVE_STRSIGNAL=0 -DHAVE_STRLCPY=0 -DHAVE_FLOCK_DECL=1 -DHAVE_REVOKE_DECL=1 -DHAVE_SYS_ERRLIST_DECL=1 -DHAVE_SYS_SI
GLIST_DECL=1 -DHAVE_PERSISTENT_HISTORY=1 -DMKSH_BUILD_R=571 -c edit.c
cc  -O2 -fno-lto -Wno-deprecated-declarations -fno-asynchronous-unwind-tables -fno-strict-aliasing -fstack-protector-strong -malign-data=abi -Wall -fwrapv -I.  -
DMKSH_BUILDSH -D_GNU_SOURCE -DSETUID_CAN_FAIL_WITH_EAGAIN -DHAVE_STRING_POOLING=2 -DHAVE_ATTRIBUTE_BOUNDED=0 -DHAVE_ATTRIBUTE_FORMAT=1 -DHAVE_ATTRIBUTE_NORETURN=
1 -DHAVE_ATTRIBUTE_PURE=1 -DHAVE_ATTRIBUTE_UNUSED=1 -DHAVE_ATTRIBUTE_USED=1 -DHAVE_SYS_TIME_H=1 -DHAVE_TIME_H=1 -DHAVE_BOTH_TIME_H=1 -DHAVE_SYS_BSDTYPES_H=0 -DHA
VE_SYS_FILE_H=1 -DHAVE_SYS_MKDEV_H=0 -DHAVE_SYS_MMAN_H=1 -DHAVE_SYS_PARAM_H=1 -DHAVE_SYS_RESOURCE_H=1 -DHAVE_SYS_SELECT_H=1 -DHAVE_SYS_SYSMACROS_H=1 -DHAVE_BSTRI
NG_H=0 -DHAVE_GRP_H=1 -DHAVE_IO_H=0 -DHAVE_LIBGEN_H=1 -DHAVE_LIBUTIL_H=0 -DHAVE_PATHS_H=1 -DHAVE_STDINT_H=1 -DHAVE_STRINGS_H=1 -DHAVE_TERMIOS_H=1 -DHAVE_ULIMIT_H
=1 -DHAVE_VALUES_H=1 -DHAVE_CAN_INTTYPES=1 -DHAVE_CAN_UCBINTS=1 -DHAVE_CAN_INT8TYPE=1 -DHAVE_CAN_UCBINT8=1 -DHAVE_RLIM_T=1 -DHAVE_SIG_T=1 -DHAVE_SYS_ERRLIST=1 -D
HAVE_SYS_SIGNAME=0 -DHAVE_SYS_SIGLIST=1 -DHAVE_FLOCK=1 -DHAVE_LOCK_FCNTL=1 -DHAVE_GETRUSAGE=1 -DHAVE_GETSID=1 -DHAVE_GETTIMEOFDAY=1 -DHAVE_KILLPG=1 -DHAVE_MEMMOV
E=1 -DHAVE_MKNOD=0 -DHAVE_MMAP=1 -DHAVE_FTRUNCATE=1 -DHAVE_NICE=1 -DHAVE_REVOKE=0 -DHAVE_SETLOCALE_CTYPE=1 -DHAVE_LANGINFO_CODESET=1 -DHAVE_SELECT=1 -DHAVE_SETRE
SUGID=1 -DHAVE_SETGROUPS=1 -DHAVE_STRERROR=0 -DHAVE_STRSIGNAL=0 -DHAVE_STRLCPY=0 -DHAVE_FLOCK_DECL=1 -DHAVE_REVOKE_DECL=1 -DHAVE_SYS_ERRLIST_DECL=1 -DHAVE_SYS_SI
GLIST_DECL=1 -DHAVE_PERSISTENT_HISTORY=1 -DMKSH_BUILD_R=571 -c eval.c
cc  -O2 -fno-lto -Wno-deprecated-declarations -fno-asynchronous-unwind-tables -fno-strict-aliasing -fstack-protector-strong -malign-data=abi -Wall -fwrapv -I.  -
DMKSH_BUILDSH -D_GNU_SOURCE -DSETUID_CAN_FAIL_WITH_EAGAIN -DHAVE_STRING_POOLING=2 -DHAVE_ATTRIBUTE_BOUNDED=0 -DHAVE_ATTRIBUTE_FORMAT=1 -DHAVE_ATTRIBUTE_NORETURN=
1 -DHAVE_ATTRIBUTE_PURE=1 -DHAVE_ATTRIBUTE_UNUSED=1 -DHAVE_ATTRIBUTE_USED=1 -DHAVE_SYS_TIME_H=1 -DHAVE_TIME_H=1 -DHAVE_BOTH_TIME_H=1 -DHAVE_SYS_BSDTYPES_H=0 -DHA
VE_SYS_FILE_H=1 -DHAVE_SYS_MKDEV_H=0 -DHAVE_SYS_MMAN_H=1 -DHAVE_SYS_PARAM_H=1 -DHAVE_SYS_RESOURCE_H=1 -DHAVE_SYS_SELECT_H=1 -DHAVE_SYS_SYSMACROS_H=1 -DHAVE_BSTRI
NG_H=0 -DHAVE_GRP_H=1 -DHAVE_IO_H=0 -DHAVE_LIBGEN_H=1 -DHAVE_LIBUTIL_H=0 -DHAVE_PATHS_H=1 -DHAVE_STDINT_H=1 -DHAVE_STRINGS_H=1 -DHAVE_TERMIOS_H=1 -DHAVE_ULIMIT_H
=1 -DHAVE_VALUES_H=1 -DHAVE_CAN_INTTYPES=1 -DHAVE_CAN_UCBINTS=1 -DHAVE_CAN_INT8TYPE=1 -DHAVE_CAN_UCBINT8=1 -DHAVE_RLIM_T=1 -DHAVE_SIG_T=1 -DHAVE_SYS_ERRLIST=1 -D
HAVE_SYS_SIGNAME=0 -DHAVE_SYS_SIGLIST=1 -DHAVE_FLOCK=1 -DHAVE_LOCK_FCNTL=1 -DHAVE_GETRUSAGE=1 -DHAVE_GETSID=1 -DHAVE_GETTIMEOFDAY=1 -DHAVE_KILLPG=1 -DHAVE_MEMMOV
E=1 -DHAVE_MKNOD=0 -DHAVE_MMAP=1 -DHAVE_FTRUNCATE=1 -DHAVE_NICE=1 -DHAVE_REVOKE=0 -DHAVE_SETLOCALE_CTYPE=1 -DHAVE_LANGINFO_CODESET=1 -DHAVE_SELECT=1 -DHAVE_SETRE
SUGID=1 -DHAVE_SETGROUPS=1 -DHAVE_STRERROR=0 -DHAVE_STRSIGNAL=0 -DHAVE_STRLCPY=0 -DHAVE_FLOCK_DECL=1 -DHAVE_REVOKE_DECL=1 -DHAVE_SYS_ERRLIST_DECL=1 -DHAVE_SYS_SI
GLIST_DECL=1 -DHAVE_PERSISTENT_HISTORY=1 -DMKSH_BUILD_R=571 -c exec.c
cc  -O2 -fno-lto -Wno-deprecated-declarations -fno-asynchronous-unwind-tables -fno-strict-aliasing -fstack-protector-strong -malign-data=abi -Wall -fwrapv -I.  -
DMKSH_BUILDSH -D_GNU_SOURCE -DSETUID_CAN_FAIL_WITH_EAGAIN -DHAVE_STRING_POOLING=2 -DHAVE_ATTRIBUTE_BOUNDED=0 -DHAVE_ATTRIBUTE_FORMAT=1 -DHAVE_ATTRIBUTE_NORETURN=
1 -DHAVE_ATTRIBUTE_PURE=1 -DHAVE_ATTRIBUTE_UNUSED=1 -DHAVE_ATTRIBUTE_USED=1 -DHAVE_SYS_TIME_H=1 -DHAVE_TIME_H=1 -DHAVE_BOTH_TIME_H=1 -DHAVE_SYS_BSDTYPES_H=0 -DHA
VE_SYS_FILE_H=1 -DHAVE_SYS_MKDEV_H=0 -DHAVE_SYS_MMAN_H=1 -DHAVE_SYS_PARAM_H=1 -DHAVE_SYS_RESOURCE_H=1 -DHAVE_SYS_SELECT_H=1 -DHAVE_SYS_SYSMACROS_H=1 -DHAVE_BSTRI
NG_H=0 -DHAVE_GRP_H=1 -DHAVE_IO_H=0 -DHAVE_LIBGEN_H=1 -DHAVE_LIBUTIL_H=0 -DHAVE_PATHS_H=1 -DHAVE_STDINT_H=1 -DHAVE_STRINGS_H=1 -DHAVE_TERMIOS_H=1 -DHAVE_ULIMIT_H
=1 -DHAVE_VALUES_H=1 -DHAVE_CAN_INTTYPES=1 -DHAVE_CAN_UCBINTS=1 -DHAVE_CAN_INT8TYPE=1 -DHAVE_CAN_UCBINT8=1 -DHAVE_RLIM_T=1 -DHAVE_SIG_T=1 -DHAVE_SYS_ERRLIST=1 -D
HAVE_SYS_SIGNAME=0 -DHAVE_SYS_SIGLIST=1 -DHAVE_FLOCK=1 -DHAVE_LOCK_FCNTL=1 -DHAVE_GETRUSAGE=1 -DHAVE_GETSID=1 -DHAVE_GETTIMEOFDAY=1 -DHAVE_KILLPG=1 -DHAVE_MEMMOV
E=1 -DHAVE_MKNOD=0 -DHAVE_MMAP=1 -DHAVE_FTRUNCATE=1 -DHAVE_NICE=1 -DHAVE_REVOKE=0 -DHAVE_SETLOCALE_CTYPE=1 -DHAVE_LANGINFO_CODESET=1 -DHAVE_SELECT=1 -DHAVE_SETRE
SUGID=1 -DHAVE_SETGROUPS=1 -DHAVE_STRERROR=0 -DHAVE_STRSIGNAL=0 -DHAVE_STRLCPY=0 -DHAVE_FLOCK_DECL=1 -DHAVE_REVOKE_DECL=1 -DHAVE_SYS_ERRLIST_DECL=1 -DHAVE_SYS_SI
GLIST_DECL=1 -DHAVE_PERSISTENT_HISTORY=1 -DMKSH_BUILD_R=571 -c expr.c
cc  -O2 -fno-lto -Wno-deprecated-declarations -fno-asynchronous-unwind-tables -fno-strict-aliasing -fstack-protector-strong -malign-data=abi -Wall -fwrapv -I.  -
DMKSH_BUILDSH -D_GNU_SOURCE -DSETUID_CAN_FAIL_WITH_EAGAIN -DHAVE_STRING_POOLING=2 -DHAVE_ATTRIBUTE_BOUNDED=0 -DHAVE_ATTRIBUTE_FORMAT=1 -DHAVE_ATTRIBUTE_NORETURN=
1 -DHAVE_ATTRIBUTE_PURE=1 -DHAVE_ATTRIBUTE_UNUSED=1 -DHAVE_ATTRIBUTE_USED=1 -DHAVE_SYS_TIME_H=1 -DHAVE_TIME_H=1 -DHAVE_BOTH_TIME_H=1 -DHAVE_SYS_BSDTYPES_H=0 -DHA
VE_SYS_FILE_H=1 -DHAVE_SYS_MKDEV_H=0 -DHAVE_SYS_MMAN_H=1 -DHAVE_SYS_PARAM_H=1 -DHAVE_SYS_RESOURCE_H=1 -DHAVE_SYS_SELECT_H=1 -DHAVE_SYS_SYSMACROS_H=1 -DHAVE_BSTRI
NG_H=0 -DHAVE_GRP_H=1 -DHAVE_IO_H=0 -DHAVE_LIBGEN_H=1 -DHAVE_LIBUTIL_H=0 -DHAVE_PATHS_H=1 -DHAVE_STDINT_H=1 -DHAVE_STRINGS_H=1 -DHAVE_TERMIOS_H=1 -DHAVE_ULIMIT_H
=1 -DHAVE_VALUES_H=1 -DHAVE_CAN_INTTYPES=1 -DHAVE_CAN_UCBINTS=1 -DHAVE_CAN_INT8TYPE=1 -DHAVE_CAN_UCBINT8=1 -DHAVE_RLIM_T=1 -DHAVE_SIG_T=1 -DHAVE_SYS_ERRLIST=1 -D
HAVE_SYS_SIGNAME=0 -DHAVE_SYS_SIGLIST=1 -DHAVE_FLOCK=1 -DHAVE_LOCK_FCNTL=1 -DHAVE_GETRUSAGE=1 -DHAVE_GETSID=1 -DHAVE_GETTIMEOFDAY=1 -DHAVE_KILLPG=1 -DHAVE_MEMMOV
E=1 -DHAVE_MKNOD=0 -DHAVE_MMAP=1 -DHAVE_FTRUNCATE=1 -DHAVE_NICE=1 -DHAVE_REVOKE=0 -DHAVE_SETLOCALE_CTYPE=1 -DHAVE_LANGINFO_CODESET=1 -DHAVE_SELECT=1 -DHAVE_SETRE
SUGID=1 -DHAVE_SETGROUPS=1 -DHAVE_STRERROR=0 -DHAVE_STRSIGNAL=0 -DHAVE_STRLCPY=0 -DHAVE_FLOCK_DECL=1 -DHAVE_REVOKE_DECL=1 -DHAVE_SYS_ERRLIST_DECL=1 -DHAVE_SYS_SI
GLIST_DECL=1 -DHAVE_PERSISTENT_HISTORY=1 -DMKSH_BUILD_R=571 -c funcs.c
cc  -O2 -fno-lto -Wno-deprecated-declarations -fno-asynchronous-unwind-tables -fno-strict-aliasing -fstack-protector-strong -malign-data=abi -Wall -fwrapv -I.  -
DMKSH_BUILDSH -D_GNU_SOURCE -DSETUID_CAN_FAIL_WITH_EAGAIN -DHAVE_STRING_POOLING=2 -DHAVE_ATTRIBUTE_BOUNDED=0 -DHAVE_ATTRIBUTE_FORMAT=1 -DHAVE_ATTRIBUTE_NORETURN=
1 -DHAVE_ATTRIBUTE_PURE=1 -DHAVE_ATTRIBUTE_UNUSED=1 -DHAVE_ATTRIBUTE_USED=1 -DHAVE_SYS_TIME_H=1 -DHAVE_TIME_H=1 -DHAVE_BOTH_TIME_H=1 -DHAVE_SYS_BSDTYPES_H=0 -DHA
VE_SYS_FILE_H=1 -DHAVE_SYS_MKDEV_H=0 -DHAVE_SYS_MMAN_H=1 -DHAVE_SYS_PARAM_H=1 -DHAVE_SYS_RESOURCE_H=1 -DHAVE_SYS_SELECT_H=1 -DHAVE_SYS_SYSMACROS_H=1 -DHAVE_BSTRI
NG_H=0 -DHAVE_GRP_H=1 -DHAVE_IO_H=0 -DHAVE_LIBGEN_H=1 -DHAVE_LIBUTIL_H=0 -DHAVE_PATHS_H=1 -DHAVE_STDINT_H=1 -DHAVE_STRINGS_H=1 -DHAVE_TERMIOS_H=1 -DHAVE_ULIMIT_H
=1 -DHAVE_VALUES_H=1 -DHAVE_CAN_INTTYPES=1 -DHAVE_CAN_UCBINTS=1 -DHAVE_CAN_INT8TYPE=1 -DHAVE_CAN_UCBINT8=1 -DHAVE_RLIM_T=1 -DHAVE_SIG_T=1 -DHAVE_SYS_ERRLIST=1 -D
HAVE_SYS_SIGNAME=0 -DHAVE_SYS_SIGLIST=1 -DHAVE_FLOCK=1 -DHAVE_LOCK_FCNTL=1 -DHAVE_GETRUSAGE=1 -DHAVE_GETSID=1 -DHAVE_GETTIMEOFDAY=1 -DHAVE_KILLPG=1 -DHAVE_MEMMOV
E=1 -DHAVE_MKNOD=0 -DHAVE_MMAP=1 -DHAVE_FTRUNCATE=1 -DHAVE_NICE=1 -DHAVE_REVOKE=0 -DHAVE_SETLOCALE_CTYPE=1 -DHAVE_LANGINFO_CODESET=1 -DHAVE_SELECT=1 -DHAVE_SETRE
SUGID=1 -DHAVE_SETGROUPS=1 -DHAVE_STRERROR=0 -DHAVE_STRSIGNAL=0 -DHAVE_STRLCPY=0 -DHAVE_FLOCK_DECL=1 -DHAVE_REVOKE_DECL=1 -DHAVE_SYS_ERRLIST_DECL=1 -DHAVE_SYS_SI
GLIST_DECL=1 -DHAVE_PERSISTENT_HISTORY=1 -DMKSH_BUILD_R=571 -c histrap.c
cc  -O2 -fno-lto -Wno-deprecated-declarations -fno-asynchronous-unwind-tables -fno-strict-aliasing -fstack-protector-strong -malign-data=abi -Wall -fwrapv -I.  -
DMKSH_BUILDSH -D_GNU_SOURCE -DSETUID_CAN_FAIL_WITH_EAGAIN -DHAVE_STRING_POOLING=2 -DHAVE_ATTRIBUTE_BOUNDED=0 -DHAVE_ATTRIBUTE_FORMAT=1 -DHAVE_ATTRIBUTE_NORETURN=
1 -DHAVE_ATTRIBUTE_PURE=1 -DHAVE_ATTRIBUTE_UNUSED=1 -DHAVE_ATTRIBUTE_USED=1 -DHAVE_SYS_TIME_H=1 -DHAVE_TIME_H=1 -DHAVE_BOTH_TIME_H=1 -DHAVE_SYS_BSDTYPES_H=0 -DHA
VE_SYS_FILE_H=1 -DHAVE_SYS_MKDEV_H=0 -DHAVE_SYS_MMAN_H=1 -DHAVE_SYS_PARAM_H=1 -DHAVE_SYS_RESOURCE_H=1 -DHAVE_SYS_SELECT_H=1 -DHAVE_SYS_SYSMACROS_H=1 -DHAVE_BSTRI
NG_H=0 -DHAVE_GRP_H=1 -DHAVE_IO_H=0 -DHAVE_LIBGEN_H=1 -DHAVE_LIBUTIL_H=0 -DHAVE_PATHS_H=1 -DHAVE_STDINT_H=1 -DHAVE_STRINGS_H=1 -DHAVE_TERMIOS_H=1 -DHAVE_ULIMIT_H
=1 -DHAVE_VALUES_H=1 -DHAVE_CAN_INTTYPES=1 -DHAVE_CAN_UCBINTS=1 -DHAVE_CAN_INT8TYPE=1 -DHAVE_CAN_UCBINT8=1 -DHAVE_RLIM_T=1 -DHAVE_SIG_T=1 -DHAVE_SYS_ERRLIST=1 -D
HAVE_SYS_SIGNAME=0 -DHAVE_SYS_SIGLIST=1 -DHAVE_FLOCK=1 -DHAVE_LOCK_FCNTL=1 -DHAVE_GETRUSAGE=1 -DHAVE_GETSID=1 -DHAVE_GETTIMEOFDAY=1 -DHAVE_KILLPG=1 -DHAVE_MEMMOV
E=1 -DHAVE_MKNOD=0 -DHAVE_MMAP=1 -DHAVE_FTRUNCATE=1 -DHAVE_NICE=1 -DHAVE_REVOKE=0 -DHAVE_SETLOCALE_CTYPE=1 -DHAVE_LANGINFO_CODESET=1 -DHAVE_SELECT=1 -DHAVE_SETRE
SUGID=1 -DHAVE_SETGROUPS=1 -DHAVE_STRERROR=0 -DHAVE_STRSIGNAL=0 -DHAVE_STRLCPY=0 -DHAVE_FLOCK_DECL=1 -DHAVE_REVOKE_DECL=1 -DHAVE_SYS_ERRLIST_DECL=1 -DHAVE_SYS_SI
GLIST_DECL=1 -DHAVE_PERSISTENT_HISTORY=1 -DMKSH_BUILD_R=571 -c jobs.c
cc  -O2 -fno-lto -Wno-deprecated-declarations -fno-asynchronous-unwind-tables -fno-strict-aliasing -fstack-protector-strong -malign-data=abi -Wall -fwrapv -I.  -
DMKSH_BUILDSH -D_GNU_SOURCE -DSETUID_CAN_FAIL_WITH_EAGAIN -DHAVE_STRING_POOLING=2 -DHAVE_ATTRIBUTE_BOUNDED=0 -DHAVE_ATTRIBUTE_FORMAT=1 -DHAVE_ATTRIBUTE_NORETURN=
1 -DHAVE_ATTRIBUTE_PURE=1 -DHAVE_ATTRIBUTE_UNUSED=1 -DHAVE_ATTRIBUTE_USED=1 -DHAVE_SYS_TIME_H=1 -DHAVE_TIME_H=1 -DHAVE_BOTH_TIME_H=1 -DHAVE_SYS_BSDTYPES_H=0 -DHA
VE_SYS_FILE_H=1 -DHAVE_SYS_MKDEV_H=0 -DHAVE_SYS_MMAN_H=1 -DHAVE_SYS_PARAM_H=1 -DHAVE_SYS_RESOURCE_H=1 -DHAVE_SYS_SELECT_H=1 -DHAVE_SYS_SYSMACROS_H=1 -DHAVE_BSTRI
NG_H=0 -DHAVE_GRP_H=1 -DHAVE_IO_H=0 -DHAVE_LIBGEN_H=1 -DHAVE_LIBUTIL_H=0 -DHAVE_PATHS_H=1 -DHAVE_STDINT_H=1 -DHAVE_STRINGS_H=1 -DHAVE_TERMIOS_H=1 -DHAVE_ULIMIT_H
=1 -DHAVE_VALUES_H=1 -DHAVE_CAN_INTTYPES=1 -DHAVE_CAN_UCBINTS=1 -DHAVE_CAN_INT8TYPE=1 -DHAVE_CAN_UCBINT8=1 -DHAVE_RLIM_T=1 -DHAVE_SIG_T=1 -DHAVE_SYS_ERRLIST=1 -D
HAVE_SYS_SIGNAME=0 -DHAVE_SYS_SIGLIST=1 -DHAVE_FLOCK=1 -DHAVE_LOCK_FCNTL=1 -DHAVE_GETRUSAGE=1 -DHAVE_GETSID=1 -DHAVE_GETTIMEOFDAY=1 -DHAVE_KILLPG=1 -DHAVE_MEMMOV
E=1 -DHAVE_MKNOD=0 -DHAVE_MMAP=1 -DHAVE_FTRUNCATE=1 -DHAVE_NICE=1 -DHAVE_REVOKE=0 -DHAVE_SETLOCALE_CTYPE=1 -DHAVE_LANGINFO_CODESET=1 -DHAVE_SELECT=1 -DHAVE_SETRE
SUGID=1 -DHAVE_SETGROUPS=1 -DHAVE_STRERROR=0 -DHAVE_STRSIGNAL=0 -DHAVE_STRLCPY=0 -DHAVE_FLOCK_DECL=1 -DHAVE_REVOKE_DECL=1 -DHAVE_SYS_ERRLIST_DECL=1 -DHAVE_SYS_SI
GLIST_DECL=1 -DHAVE_PERSISTENT_HISTORY=1 -DMKSH_BUILD_R=571 -c lex.c
cc  -O2 -fno-lto -Wno-deprecated-declarations -fno-asynchronous-unwind-tables -fno-strict-aliasing -fstack-protector-strong -malign-data=abi -Wall -fwrapv -I.  -
DMKSH_BUILDSH -D_GNU_SOURCE -DSETUID_CAN_FAIL_WITH_EAGAIN -DHAVE_STRING_POOLING=2 -DHAVE_ATTRIBUTE_BOUNDED=0 -DHAVE_ATTRIBUTE_FORMAT=1 -DHAVE_ATTRIBUTE_NORETURN=
1 -DHAVE_ATTRIBUTE_PURE=1 -DHAVE_ATTRIBUTE_UNUSED=1 -DHAVE_ATTRIBUTE_USED=1 -DHAVE_SYS_TIME_H=1 -DHAVE_TIME_H=1 -DHAVE_BOTH_TIME_H=1 -DHAVE_SYS_BSDTYPES_H=0 -DHA
VE_SYS_FILE_H=1 -DHAVE_SYS_MKDEV_H=0 -DHAVE_SYS_MMAN_H=1 -DHAVE_SYS_PARAM_H=1 -DHAVE_SYS_RESOURCE_H=1 -DHAVE_SYS_SELECT_H=1 -DHAVE_SYS_SYSMACROS_H=1 -DHAVE_BSTRI
NG_H=0 -DHAVE_GRP_H=1 -DHAVE_IO_H=0 -DHAVE_LIBGEN_H=1 -DHAVE_LIBUTIL_H=0 -DHAVE_PATHS_H=1 -DHAVE_STDINT_H=1 -DHAVE_STRINGS_H=1 -DHAVE_TERMIOS_H=1 -DHAVE_ULIMIT_H
=1 -DHAVE_VALUES_H=1 -DHAVE_CAN_INTTYPES=1 -DHAVE_CAN_UCBINTS=1 -DHAVE_CAN_INT8TYPE=1 -DHAVE_CAN_UCBINT8=1 -DHAVE_RLIM_T=1 -DHAVE_SIG_T=1 -DHAVE_SYS_ERRLIST=1 -D
HAVE_SYS_SIGNAME=0 -DHAVE_SYS_SIGLIST=1 -DHAVE_FLOCK=1 -DHAVE_LOCK_FCNTL=1 -DHAVE_GETRUSAGE=1 -DHAVE_GETSID=1 -DHAVE_GETTIMEOFDAY=1 -DHAVE_KILLPG=1 -DHAVE_MEMMOV
E=1 -DHAVE_MKNOD=0 -DHAVE_MMAP=1 -DHAVE_FTRUNCATE=1 -DHAVE_NICE=1 -DHAVE_REVOKE=0 -DHAVE_SETLOCALE_CTYPE=1 -DHAVE_LANGINFO_CODESET=1 -DHAVE_SELECT=1 -DHAVE_SETRE
SUGID=1 -DHAVE_SETGROUPS=1 -DHAVE_STRERROR=0 -DHAVE_STRSIGNAL=0 -DHAVE_STRLCPY=0 -DHAVE_FLOCK_DECL=1 -DHAVE_REVOKE_DECL=1 -DHAVE_SYS_ERRLIST_DECL=1 -DHAVE_SYS_SI
GLIST_DECL=1 -DHAVE_PERSISTENT_HISTORY=1 -DMKSH_BUILD_R=571 -c main.c
cc  -O2 -fno-lto -Wno-deprecated-declarations -fno-asynchronous-unwind-tables -fno-strict-aliasing -fstack-protector-strong -malign-data=abi -Wall -fwrapv -I.  -
DMKSH_BUILDSH -D_GNU_SOURCE -DSETUID_CAN_FAIL_WITH_EAGAIN -DHAVE_STRING_POOLING=2 -DHAVE_ATTRIBUTE_BOUNDED=0 -DHAVE_ATTRIBUTE_FORMAT=1 -DHAVE_ATTRIBUTE_NORETURN=
1 -DHAVE_ATTRIBUTE_PURE=1 -DHAVE_ATTRIBUTE_UNUSED=1 -DHAVE_ATTRIBUTE_USED=1 -DHAVE_SYS_TIME_H=1 -DHAVE_TIME_H=1 -DHAVE_BOTH_TIME_H=1 -DHAVE_SYS_BSDTYPES_H=0 -DHA
VE_SYS_FILE_H=1 -DHAVE_SYS_MKDEV_H=0 -DHAVE_SYS_MMAN_H=1 -DHAVE_SYS_PARAM_H=1 -DHAVE_SYS_RESOURCE_H=1 -DHAVE_SYS_SELECT_H=1 -DHAVE_SYS_SYSMACROS_H=1 -DHAVE_BSTRI
NG_H=0 -DHAVE_GRP_H=1 -DHAVE_IO_H=0 -DHAVE_LIBGEN_H=1 -DHAVE_LIBUTIL_H=0 -DHAVE_PATHS_H=1 -DHAVE_STDINT_H=1 -DHAVE_STRINGS_H=1 -DHAVE_TERMIOS_H=1 -DHAVE_ULIMIT_H
=1 -DHAVE_VALUES_H=1 -DHAVE_CAN_INTTYPES=1 -DHAVE_CAN_UCBINTS=1 -DHAVE_CAN_INT8TYPE=1 -DHAVE_CAN_UCBINT8=1 -DHAVE_RLIM_T=1 -DHAVE_SIG_T=1 -DHAVE_SYS_ERRLIST=1 -D
HAVE_SYS_SIGNAME=0 -DHAVE_SYS_SIGLIST=1 -DHAVE_FLOCK=1 -DHAVE_LOCK_FCNTL=1 -DHAVE_GETRUSAGE=1 -DHAVE_GETSID=1 -DHAVE_GETTIMEOFDAY=1 -DHAVE_KILLPG=1 -DHAVE_MEMMOV
E=1 -DHAVE_MKNOD=0 -DHAVE_MMAP=1 -DHAVE_FTRUNCATE=1 -DHAVE_NICE=1 -DHAVE_REVOKE=0 -DHAVE_SETLOCALE_CTYPE=1 -DHAVE_LANGINFO_CODESET=1 -DHAVE_SELECT=1 -DHAVE_SETRE
SUGID=1 -DHAVE_SETGROUPS=1 -DHAVE_STRERROR=0 -DHAVE_STRSIGNAL=0 -DHAVE_STRLCPY=0 -DHAVE_FLOCK_DECL=1 -DHAVE_REVOKE_DECL=1 -DHAVE_SYS_ERRLIST_DECL=1 -DHAVE_SYS_SI
GLIST_DECL=1 -DHAVE_PERSISTENT_HISTORY=1 -DMKSH_BUILD_R=571 -c misc.c
cc  -O2 -fno-lto -Wno-deprecated-declarations -fno-asynchronous-unwind-tables -fno-strict-aliasing -fstack-protector-strong -malign-data=abi -Wall -fwrapv -I.  -
DMKSH_BUILDSH -D_GNU_SOURCE -DSETUID_CAN_FAIL_WITH_EAGAIN -DHAVE_STRING_POOLING=2 -DHAVE_ATTRIBUTE_BOUNDED=0 -DHAVE_ATTRIBUTE_FORMAT=1 -DHAVE_ATTRIBUTE_NORETURN=
1 -DHAVE_ATTRIBUTE_PURE=1 -DHAVE_ATTRIBUTE_UNUSED=1 -DHAVE_ATTRIBUTE_USED=1 -DHAVE_SYS_TIME_H=1 -DHAVE_TIME_H=1 -DHAVE_BOTH_TIME_H=1 -DHAVE_SYS_BSDTYPES_H=0 -DHA
VE_SYS_FILE_H=1 -DHAVE_SYS_MKDEV_H=0 -DHAVE_SYS_MMAN_H=1 -DHAVE_SYS_PARAM_H=1 -DHAVE_SYS_RESOURCE_H=1 -DHAVE_SYS_SELECT_H=1 -DHAVE_SYS_SYSMACROS_H=1 -DHAVE_BSTRI
NG_H=0 -DHAVE_GRP_H=1 -DHAVE_IO_H=0 -DHAVE_LIBGEN_H=1 -DHAVE_LIBUTIL_H=0 -DHAVE_PATHS_H=1 -DHAVE_STDINT_H=1 -DHAVE_STRINGS_H=1 -DHAVE_TERMIOS_H=1 -DHAVE_ULIMIT_H
=1 -DHAVE_VALUES_H=1 -DHAVE_CAN_INTTYPES=1 -DHAVE_CAN_UCBINTS=1 -DHAVE_CAN_INT8TYPE=1 -DHAVE_CAN_UCBINT8=1 -DHAVE_RLIM_T=1 -DHAVE_SIG_T=1 -DHAVE_SYS_ERRLIST=1 -D
HAVE_SYS_SIGNAME=0 -DHAVE_SYS_SIGLIST=1 -DHAVE_FLOCK=1 -DHAVE_LOCK_FCNTL=1 -DHAVE_GETRUSAGE=1 -DHAVE_GETSID=1 -DHAVE_GETTIMEOFDAY=1 -DHAVE_KILLPG=1 -DHAVE_MEMMOV
E=1 -DHAVE_MKNOD=0 -DHAVE_MMAP=1 -DHAVE_FTRUNCATE=1 -DHAVE_NICE=1 -DHAVE_REVOKE=0 -DHAVE_SETLOCALE_CTYPE=1 -DHAVE_LANGINFO_CODESET=1 -DHAVE_SELECT=1 -DHAVE_SETRE
SUGID=1 -DHAVE_SETGROUPS=1 -DHAVE_STRERROR=0 -DHAVE_STRSIGNAL=0 -DHAVE_STRLCPY=0 -DHAVE_FLOCK_DECL=1 -DHAVE_REVOKE_DECL=1 -DHAVE_SYS_ERRLIST_DECL=1 -DHAVE_SYS_SI
GLIST_DECL=1 -DHAVE_PERSISTENT_HISTORY=1 -DMKSH_BUILD_R=571 -c shf.c
cc  -O2 -fno-lto -Wno-deprecated-declarations -fno-asynchronous-unwind-tables -fno-strict-aliasing -fstack-protector-strong -malign-data=abi -Wall -fwrapv -I.  -
DMKSH_BUILDSH -D_GNU_SOURCE -DSETUID_CAN_FAIL_WITH_EAGAIN -DHAVE_STRING_POOLING=2 -DHAVE_ATTRIBUTE_BOUNDED=0 -DHAVE_ATTRIBUTE_FORMAT=1 -DHAVE_ATTRIBUTE_NORETURN=
1 -DHAVE_ATTRIBUTE_PURE=1 -DHAVE_ATTRIBUTE_UNUSED=1 -DHAVE_ATTRIBUTE_USED=1 -DHAVE_SYS_TIME_H=1 -DHAVE_TIME_H=1 -DHAVE_BOTH_TIME_H=1 -DHAVE_SYS_BSDTYPES_H=0 -DHA
VE_SYS_FILE_H=1 -DHAVE_SYS_MKDEV_H=0 -DHAVE_SYS_MMAN_H=1 -DHAVE_SYS_PARAM_H=1 -DHAVE_SYS_RESOURCE_H=1 -DHAVE_SYS_SELECT_H=1 -DHAVE_SYS_SYSMACROS_H=1 -DHAVE_BSTRI
NG_H=0 -DHAVE_GRP_H=1 -DHAVE_IO_H=0 -DHAVE_LIBGEN_H=1 -DHAVE_LIBUTIL_H=0 -DHAVE_PATHS_H=1 -DHAVE_STDINT_H=1 -DHAVE_STRINGS_H=1 -DHAVE_TERMIOS_H=1 -DHAVE_ULIMIT_H
=1 -DHAVE_VALUES_H=1 -DHAVE_CAN_INTTYPES=1 -DHAVE_CAN_UCBINTS=1 -DHAVE_CAN_INT8TYPE=1 -DHAVE_CAN_UCBINT8=1 -DHAVE_RLIM_T=1 -DHAVE_SIG_T=1 -DHAVE_SYS_ERRLIST=1 -D
HAVE_SYS_SIGNAME=0 -DHAVE_SYS_SIGLIST=1 -DHAVE_FLOCK=1 -DHAVE_LOCK_FCNTL=1 -DHAVE_GETRUSAGE=1 -DHAVE_GETSID=1 -DHAVE_GETTIMEOFDAY=1 -DHAVE_KILLPG=1 -DHAVE_MEMMOV
E=1 -DHAVE_MKNOD=0 -DHAVE_MMAP=1 -DHAVE_FTRUNCATE=1 -DHAVE_NICE=1 -DHAVE_REVOKE=0 -DHAVE_SETLOCALE_CTYPE=1 -DHAVE_LANGINFO_CODESET=1 -DHAVE_SELECT=1 -DHAVE_SETRE
SUGID=1 -DHAVE_SETGROUPS=1 -DHAVE_STRERROR=0 -DHAVE_STRSIGNAL=0 -DHAVE_STRLCPY=0 -DHAVE_FLOCK_DECL=1 -DHAVE_REVOKE_DECL=1 -DHAVE_SYS_ERRLIST_DECL=1 -DHAVE_SYS_SI
GLIST_DECL=1 -DHAVE_PERSISTENT_HISTORY=1 -DMKSH_BUILD_R=571 -c syn.c
cc  -O2 -fno-lto -Wno-deprecated-declarations -fno-asynchronous-unwind-tables -fno-strict-aliasing -fstack-protector-strong -malign-data=abi -Wall -fwrapv -I.  -
DMKSH_BUILDSH -D_GNU_SOURCE -DSETUID_CAN_FAIL_WITH_EAGAIN -DHAVE_STRING_POOLING=2 -DHAVE_ATTRIBUTE_BOUNDED=0 -DHAVE_ATTRIBUTE_FORMAT=1 -DHAVE_ATTRIBUTE_NORETURN=
1 -DHAVE_ATTRIBUTE_PURE=1 -DHAVE_ATTRIBUTE_UNUSED=1 -DHAVE_ATTRIBUTE_USED=1 -DHAVE_SYS_TIME_H=1 -DHAVE_TIME_H=1 -DHAVE_BOTH_TIME_H=1 -DHAVE_SYS_BSDTYPES_H=0 -DHA
VE_SYS_FILE_H=1 -DHAVE_SYS_MKDEV_H=0 -DHAVE_SYS_MMAN_H=1 -DHAVE_SYS_PARAM_H=1 -DHAVE_SYS_RESOURCE_H=1 -DHAVE_SYS_SELECT_H=1 -DHAVE_SYS_SYSMACROS_H=1 -DHAVE_BSTRI
NG_H=0 -DHAVE_GRP_H=1 -DHAVE_IO_H=0 -DHAVE_LIBGEN_H=1 -DHAVE_LIBUTIL_H=0 -DHAVE_PATHS_H=1 -DHAVE_STDINT_H=1 -DHAVE_STRINGS_H=1 -DHAVE_TERMIOS_H=1 -DHAVE_ULIMIT_H
=1 -DHAVE_VALUES_H=1 -DHAVE_CAN_INTTYPES=1 -DHAVE_CAN_UCBINTS=1 -DHAVE_CAN_INT8TYPE=1 -DHAVE_CAN_UCBINT8=1 -DHAVE_RLIM_T=1 -DHAVE_SIG_T=1 -DHAVE_SYS_ERRLIST=1 -D
HAVE_SYS_SIGNAME=0 -DHAVE_SYS_SIGLIST=1 -DHAVE_FLOCK=1 -DHAVE_LOCK_FCNTL=1 -DHAVE_GETRUSAGE=1 -DHAVE_GETSID=1 -DHAVE_GETTIMEOFDAY=1 -DHAVE_KILLPG=1 -DHAVE_MEMMOV
E=1 -DHAVE_MKNOD=0 -DHAVE_MMAP=1 -DHAVE_FTRUNCATE=1 -DHAVE_NICE=1 -DHAVE_REVOKE=0 -DHAVE_SETLOCALE_CTYPE=1 -DHAVE_LANGINFO_CODESET=1 -DHAVE_SELECT=1 -DHAVE_SETRE
SUGID=1 -DHAVE_SETGROUPS=1 -DHAVE_STRERROR=0 -DHAVE_STRSIGNAL=0 -DHAVE_STRLCPY=0 -DHAVE_FLOCK_DECL=1 -DHAVE_REVOKE_DECL=1 -DHAVE_SYS_ERRLIST_DECL=1 -DHAVE_SYS_SI
GLIST_DECL=1 -DHAVE_PERSISTENT_HISTORY=1 -DMKSH_BUILD_R=571 -c tree.c
cc  -O2 -fno-lto -Wno-deprecated-declarations -fno-asynchronous-unwind-tables -fno-strict-aliasing -fstack-protector-strong -malign-data=abi -Wall -fwrapv -I.  -
DMKSH_BUILDSH -D_GNU_SOURCE -DSETUID_CAN_FAIL_WITH_EAGAIN -DHAVE_STRING_POOLING=2 -DHAVE_ATTRIBUTE_BOUNDED=0 -DHAVE_ATTRIBUTE_FORMAT=1 -DHAVE_ATTRIBUTE_NORETURN=
1 -DHAVE_ATTRIBUTE_PURE=1 -DHAVE_ATTRIBUTE_UNUSED=1 -DHAVE_ATTRIBUTE_USED=1 -DHAVE_SYS_TIME_H=1 -DHAVE_TIME_H=1 -DHAVE_BOTH_TIME_H=1 -DHAVE_SYS_BSDTYPES_H=0 -DHA
VE_SYS_FILE_H=1 -DHAVE_SYS_MKDEV_H=0 -DHAVE_SYS_MMAN_H=1 -DHAVE_SYS_PARAM_H=1 -DHAVE_SYS_RESOURCE_H=1 -DHAVE_SYS_SELECT_H=1 -DHAVE_SYS_SYSMACROS_H=1 -DHAVE_BSTRI
NG_H=0 -DHAVE_GRP_H=1 -DHAVE_IO_H=0 -DHAVE_LIBGEN_H=1 -DHAVE_LIBUTIL_H=0 -DHAVE_PATHS_H=1 -DHAVE_STDINT_H=1 -DHAVE_STRINGS_H=1 -DHAVE_TERMIOS_H=1 -DHAVE_ULIMIT_H
=1 -DHAVE_VALUES_H=1 -DHAVE_CAN_INTTYPES=1 -DHAVE_CAN_UCBINTS=1 -DHAVE_CAN_INT8TYPE=1 -DHAVE_CAN_UCBINT8=1 -DHAVE_RLIM_T=1 -DHAVE_SIG_T=1 -DHAVE_SYS_ERRLIST=1 -D
HAVE_SYS_SIGNAME=0 -DHAVE_SYS_SIGLIST=1 -DHAVE_FLOCK=1 -DHAVE_LOCK_FCNTL=1 -DHAVE_GETRUSAGE=1 -DHAVE_GETSID=1 -DHAVE_GETTIMEOFDAY=1 -DHAVE_KILLPG=1 -DHAVE_MEMMOV
E=1 -DHAVE_MKNOD=0 -DHAVE_MMAP=1 -DHAVE_FTRUNCATE=1 -DHAVE_NICE=1 -DHAVE_REVOKE=0 -DHAVE_SETLOCALE_CTYPE=1 -DHAVE_LANGINFO_CODESET=1 -DHAVE_SELECT=1 -DHAVE_SETRE
SUGID=1 -DHAVE_SETGROUPS=1 -DHAVE_STRERROR=0 -DHAVE_STRSIGNAL=0 -DHAVE_STRLCPY=0 -DHAVE_FLOCK_DECL=1 -DHAVE_REVOKE_DECL=1 -DHAVE_SYS_ERRLIST_DECL=1 -DHAVE_SYS_SI
GLIST_DECL=1 -DHAVE_PERSISTENT_HISTORY=1 -DMKSH_BUILD_R=571 -c var.c
cc  -O2 -fno-lto -Wno-deprecated-declarations -fno-asynchronous-unwind-tables -fno-strict-aliasing -fstack-protector-strong -malign-data=abi -Wall -fwrapv -I.  -
DMKSH_BUILDSH -D_GNU_SOURCE -DSETUID_CAN_FAIL_WITH_EAGAIN -DHAVE_STRING_POOLING=2 -DHAVE_ATTRIBUTE_BOUNDED=0 -DHAVE_ATTRIBUTE_FORMAT=1 -DHAVE_ATTRIBUTE_NORETURN=
1 -DHAVE_ATTRIBUTE_PURE=1 -DHAVE_ATTRIBUTE_UNUSED=1 -DHAVE_ATTRIBUTE_USED=1 -DHAVE_SYS_TIME_H=1 -DHAVE_TIME_H=1 -DHAVE_BOTH_TIME_H=1 -DHAVE_SYS_BSDTYPES_H=0 -DHA
VE_SYS_FILE_H=1 -DHAVE_SYS_MKDEV_H=0 -DHAVE_SYS_MMAN_H=1 -DHAVE_SYS_PARAM_H=1 -DHAVE_SYS_RESOURCE_H=1 -DHAVE_SYS_SELECT_H=1 -DHAVE_SYS_SYSMACROS_H=1 -DHAVE_BSTRI
NG_H=0 -DHAVE_GRP_H=1 -DHAVE_IO_H=0 -DHAVE_LIBGEN_H=1 -DHAVE_LIBUTIL_H=0 -DHAVE_PATHS_H=1 -DHAVE_STDINT_H=1 -DHAVE_STRINGS_H=1 -DHAVE_TERMIOS_H=1 -DHAVE_ULIMIT_H
=1 -DHAVE_VALUES_H=1 -DHAVE_CAN_INTTYPES=1 -DHAVE_CAN_UCBINTS=1 -DHAVE_CAN_INT8TYPE=1 -DHAVE_CAN_UCBINT8=1 -DHAVE_RLIM_T=1 -DHAVE_SIG_T=1 -DHAVE_SYS_ERRLIST=1 -D
HAVE_SYS_SIGNAME=0 -DHAVE_SYS_SIGLIST=1 -DHAVE_FLOCK=1 -DHAVE_LOCK_FCNTL=1 -DHAVE_GETRUSAGE=1 -DHAVE_GETSID=1 -DHAVE_GETTIMEOFDAY=1 -DHAVE_KILLPG=1 -DHAVE_MEMMOV
E=1 -DHAVE_MKNOD=0 -DHAVE_MMAP=1 -DHAVE_FTRUNCATE=1 -DHAVE_NICE=1 -DHAVE_REVOKE=0 -DHAVE_SETLOCALE_CTYPE=1 -DHAVE_LANGINFO_CODESET=1 -DHAVE_SELECT=1 -DHAVE_SETRE
SUGID=1 -DHAVE_SETGROUPS=1 -DHAVE_STRERROR=0 -DHAVE_STRSIGNAL=0 -DHAVE_STRLCPY=0 -DHAVE_FLOCK_DECL=1 -DHAVE_REVOKE_DECL=1 -DHAVE_SYS_ERRLIST_DECL=1 -DHAVE_SYS_SI
GLIST_DECL=1 -DHAVE_PERSISTENT_HISTORY=1 -DMKSH_BUILD_R=571 -c strlcpy.c
cc  -O2 -fno-lto -Wno-deprecated-declarations -fno-asynchronous-unwind-tables -fno-strict-aliasing -fstack-protector-strong -malign-data=abi -Wall -fwrapv  -fno-
lto -o mksh  lalloc.o edit.o eval.o exec.o expr.o funcs.o histrap.o jobs.o lex.o main.o misc.o shf.o syn.o tree.o var.o strlcpy.o  || for _f in ${tcfn}*; do case
 $_f in *.1|*.ico) ;; *) rm -f "$_f" ;; esac; done
/usr/bin/ld: shf.o: in function `cstrerror':
shf.c:(.text+0x2196): warning: `sys_errlist' is deprecated; use `strerror' or `strerror_r' instead
/usr/bin/ld: shf.c:(.text+0x215a): warning: `sys_nerr' is deprecated; use `strerror' or `strerror_r' instead
nroff -c -mdoc <'./lksh.1' >lksh.cat1
nroff -c -mdoc <'./mksh.1' >mksh.cat1
(set -- ''; . './FAQ2HTML.sh')
sed: can't read ./mksh.faq: No such file or directory
sed: can't read ./mksh.faq: No such file or directory
size mksh
   text    data     bss     dec     hex filename
 265651    7856    8064  281571   44be3 mksh

Installing the shell:
# install -c -s -o root -g bin -m 555 mksh /bin/mksh
# grep -x /bin/mksh /etc/shells >/dev/null || echo /bin/mksh >>/etc/shells
# install -c -o root -g bin -m 444 dot.mkshrc /usr/share/doc/mksh/examples/

Installing the manual:
# install -c -o root -g bin -m 444 FAQ.htm /usr/share/doc/mksh/
plus either
# install -c -o root -g bin -m 444 lksh.cat1 /usr/share/man/cat1/lksh.0
# install -c -o root -g bin -m 444 mksh.cat1 /usr/share/man/cat1/mksh.0
or
# install -c -o root -g bin -m 444 lksh.1 mksh.1 /usr/share/man/man1/

Run the regression test suite: ./test.sh
Please also read the sample file dot.mkshrc and the fine manual.
